Component: ARM Compiler 5.06 update 6 (build 750) Tool: armlink [4d35ed]

==============================================================================

Section Cross References

    main.o(i.DMA_IRQnHandler) refers to main.o(.data) for samples
    main.o(i.EINT3_IRQHandler) refers to main.o(i.takeTSCoords) for takeTSCoords
    main.o(i.EINT3_IRQHandler) refers to main.o(i.drawCalibrationGrid) for drawCalibrationGrid
    main.o(i.EINT3_IRQHandler) refers to snake.o(i.changeDirection) for changeDirection
    main.o(i.EINT3_IRQHandler) refers to main.o(i.__NVIC_EnableIRQ) for __NVIC_EnableIRQ
    main.o(i.EINT3_IRQHandler) refers to main.o(.data) for directionTicks
    main.o(i.EINT3_IRQHandler) refers to main.o(.bss) for calibration_cords
    main.o(i.SysTick_Handler) refers to main.o(.data) for msTicks
    main.o(i.drawCalibrationGrid) refers to _printf_percent.o(.ARM.Collect$$_printf_percent$$00000000) for _printf_percent
    main.o(i.drawCalibrationGrid) refers to _printf_d.o(.ARM.Collect$$_printf_percent$$00000009) for _printf_d
    main.o(i.drawCalibrationGrid) refers to _printf_dec.o(.text) for _printf_int_dec
    main.o(i.drawCalibrationGrid) refers to noretval__2sprintf.o(.text) for __2sprintf
    main.o(i.drawCalibrationGrid) refers to lcd_painting.o(i.drawSentence) for drawSentence
    main.o(i.drawCalibrationGrid) refers to lcd_painting.o(i.drawLetter) for drawLetter
    main.o(i.drawCalibrationGrid) refers to lcd_painting.o(i.drawCalibrationX) for drawCalibrationX
    main.o(i.drawCalibrationGrid) refers to main.o(.data) for currentCalibrationCorner
    main.o(i.main) refers to open1768_lcd.o(i.lcdConfiguration) for lcdConfiguration
    main.o(i.main) refers to lcd_ili9325.o(i.init_ILI9325) for init_ILI9325
    main.o(i.main) refers to tp_open1768.o(i.touchpanelInit) for touchpanelInit
    main.o(i.main) refers to main.o(i.__NVIC_SetPriority) for __NVIC_SetPriority
    main.o(i.main) refers to pin_lpc17xx.o(i.PIN_Configure) for PIN_Configure
    main.o(i.main) refers to lcd_painting.o(i.clearScreen) for clearScreen
    main.o(i.main) refers to main.o(i.__NVIC_EnableIRQ) for __NVIC_EnableIRQ
    main.o(i.main) refers to main.o(i.drawCalibrationGrid) for drawCalibrationGrid
    main.o(i.main) refers to snake.o(i.initSnake) for initSnake
    main.o(i.main) refers to snake.o(i.initFood) for initFood
    main.o(i.main) refers to snake.o(i.drawFood) for drawFood
    main.o(i.main) refers to snake.o(i.drawSnake) for drawSnake
    main.o(i.main) refers to snake.o(i.moveSnakeHead) for moveSnakeHead
    main.o(i.main) refers to snake.o(i.putFoodOnGrid) for putFoodOnGrid
    main.o(i.main) refers to snake.o(i.checkCollision) for checkCollision
    main.o(i.main) refers to snake.o(i.deleteSnake) for deleteSnake
    main.o(i.main) refers to system_lpc17xx.o(.data) for SystemCoreClock
    main.o(i.main) refers to main.o(.data) for samples
    main.o(i.main) refers to main.o(.bss) for calibration_cords
    main.o(i.takeTSCoords) refers to tp_open1768.o(i.touchpanelGetXY) for touchpanelGetXY
    main.o(i.takeTSCoords) refers to main.o(.data) for msTicks
    open1768_lcd.o(i.lcdRead) refers to open1768_lcd.o(i.wait_delay) for wait_delay
    open1768_lcd.o(i.lcdReadData) refers to open1768_lcd.o(i.wait_delay) for wait_delay
    open1768_lcd.o(i.lcdReadData) refers to open1768_lcd.o(i.lcdRead) for lcdRead
    open1768_lcd.o(i.lcdReadReg) refers to open1768_lcd.o(i.lcdWriteIndex) for lcdWriteIndex
    open1768_lcd.o(i.lcdReadReg) refers to open1768_lcd.o(i.lcdReadData) for lcdReadData
    open1768_lcd.o(i.lcdSetCursor) refers to open1768_lcd.o(i.lcdWriteReg) for lcdWriteReg
    open1768_lcd.o(i.lcdWriteData) refers to open1768_lcd.o(i.lcdSend) for lcdSend
    open1768_lcd.o(i.lcdWriteData) refers to open1768_lcd.o(i.wait_delay) for wait_delay
    open1768_lcd.o(i.lcdWriteIndex) refers to open1768_lcd.o(i.lcdSend) for lcdSend
    open1768_lcd.o(i.lcdWriteIndex) refers to open1768_lcd.o(i.wait_delay) for wait_delay
    open1768_lcd.o(i.lcdWriteReg) refers to open1768_lcd.o(i.lcdWriteIndex) for lcdWriteIndex
    open1768_lcd.o(i.lcdWriteReg) refers to open1768_lcd.o(i.lcdWriteData) for lcdWriteData
    lcd_ili9325.o(i.init_ILI9325) refers to open1768_lcd.o(i.lcdWriteReg) for lcdWriteReg
    lcd_ili9325.o(i.init_ILI9325) refers to lcd_ili9325.o(i.delay_ms) for delay_ms
    asciilib.o(i.GetASCIICode) refers to rt_memcpy_v6.o(.text) for __aeabi_memcpy
    asciilib.o(i.GetASCIICode) refers to asciilib.o(.constdata) for AsciiLib
    tp_open1768.o(i.touchpanelGetXY) refers to tp_open1768.o(i.touchpanelReadX) for touchpanelReadX
    tp_open1768.o(i.touchpanelGetXY) refers to tp_open1768.o(i.touchpanelDelayUS) for touchpanelDelayUS
    tp_open1768.o(i.touchpanelGetXY) refers to tp_open1768.o(i.touchpanelReadY) for touchpanelReadY
    tp_open1768.o(i.touchpanelInit) refers to tp_open1768.o(i.touchpanelDriverDataBusInit) for touchpanelDriverDataBusInit
[...]
    rtexit2.o(.ARM.exidx) refers to rtexit2.o(.ARM.Collect$$rtexit$$00000004) for .ARM.Collect$$rtexit$$00000004
    defsig.o(CL$$defsig) refers to defsig_fpe_inner.o(.text) for __rt_SIGFPE_inner
    defsig.o(CL$$defsig) refers to defsig_rtmem_inner.o(.text) for __rt_SIGRTMEM_inner
    defsig_abrt_inner.o(.text) refers to defsig_general.o(.text) for __default_signal_display
    defsig_rtred_inner.o(.text) refers to defsig_general.o(.text) for __default_signal_display
    defsig_stak_inner.o(.text) refers to defsig_general.o(.text) for __default_signal_display
    defsig_pvfn_inner.o(.text) refers to defsig_general.o(.text) for __default_signal_display
    defsig_cppl_inner.o(.text) refers to defsig_general.o(.text) for __default_signal_display
    defsig_segv_inner.o(.text) refers to defsig_general.o(.text) for __default_signal_display
    defsig_other.o(.text) refers to defsig_general.o(.text) for __default_signal_display
    libshutdown.o(.ARM.Collect$$libshutdown$$00000000) refers (Special) to libshutdown2.o(.ARM.Collect$$libshutdown$$00000002) for __rt_lib_shutdown_cpp_1
    libshutdown.o(.ARM.Collect$$libshutdown$$00000000) refers (Special) to libshutdown2.o(.ARM.Collect$$libshutdown$$00000007) for __rt_lib_shutdown_fp_trap_1
    libshutdown.o(.ARM.Collect$$libshutdown$$00000000) refers (Special) to libshutdown2.o(.ARM.Collect$$libshutdown$$0000000F) for __rt_lib_shutdown_heap_1
    libshutdown.o(.ARM.Collect$$libshutdown$$00000000) refers (Special) to libshutdown2.o(.ARM.Collect$$libshutdown$$00000010) for __rt_lib_shutdown_return
    libshutdown.o(.ARM.Collect$$libshutdown$$00000000) refers (Special) to libshutdown2.o(.ARM.Collect$$libshutdown$$0000000A) for __rt_lib_shutdown_signal_1
    libshutdown.o(.ARM.Collect$$libshutdown$$00000000) refers (Special) to libshutdown2.o(.ARM.Collect$$libshutdown$$00000004) for __rt_lib_shutdown_stdio_1
    libshutdown.o(.ARM.Collect$$libshutdown$$00000000) refers (Special) to libshutdown2.o(.ARM.Collect$$libshutdown$$0000000C) for __rt_lib_shutdown_user_alloc_1


==============================================================================

Removing Unused input sections from the image.

    Removing main.o(.rev16_text), (4 bytes).
    Removing main.o(.revsh_text), (4 bytes).
    Removing main.o(.rrx_text), (6 bytes).
    Removing main.o(i.DMA_IRQnHandler), (68 bytes).
    Removing main.o(.constdata), (4 bytes).
    Removing open1768_lcd.o(.rev16_text), (4 bytes).
    Removing open1768_lcd.o(.revsh_text), (4 bytes).
    Removing open1768_lcd.o(.rrx_text), (6 bytes).
    Removing open1768_lcd.o(i.lcdRead), (76 bytes).
    Removing open1768_lcd.o(i.lcdReadData), (56 bytes).
    Removing open1768_lcd.o(i.lcdReadReg), (20 bytes).
    Removing lcd_ili9325.o(.rev16_text), (4 bytes).
    Removing lcd_ili9325.o(.revsh_text), (4 bytes).
    Removing lcd_ili9325.o(.rrx_text), (6 bytes).
    Removing tp_open1768.o(.rev16_text), (4 bytes).
    Removing tp_open1768.o(.revsh_text), (4 bytes).
    Removing tp_open1768.o(.rrx_text), (6 bytes).
    Removing lcd_painting.o(.rev16_text), (4 bytes).
    Removing lcd_painting.o(.revsh_text), (4 bytes).
    Removing lcd_painting.o(.rrx_text), (6 bytes).
    Removing lcd_painting.o(i.drawEmptyRect), (210 bytes).
    Removing lcd_painting.o(i.drawLetter_v2), (84 bytes).
    Removing lcd_painting.o(i.printCords), (60 bytes).
    Removing lcd_painting.o(i.printTSCords), (20 bytes).
    Removing led_open1768.o(.rev16_text), (4 bytes).
    Removing led_open1768.o(.revsh_text), (4 bytes).
    Removing led_open1768.o(.rrx_text), (6 bytes).
    Removing led_open1768.o(i.LED_GetCount), (4 bytes).
    Removing led_open1768.o(i.LED_Initialize), (92 bytes).
    Removing led_open1768.o(i.LED_Off), (44 bytes).
    Removing led_open1768.o(i.LED_On), (44 bytes).
    Removing led_open1768.o(i.LED_SetOut), (40 bytes).
    Removing led_open1768.o(i.LED_Uninitialize), (48 bytes).
    Removing led_open1768.o(.constdata), (8 bytes).
    Removing gpio_lpc17xx.o(.rev16_text), (4 bytes).
    Removing gpio_lpc17xx.o(.revsh_text), (4 bytes).
    Removing gpio_lpc17xx.o(.rrx_text), (6 bytes).
    Removing gpio_lpc17xx.o(i.GPIO_PinRead), (32 bytes).
    Removing gpio_lpc17xx.o(i.GPIO_PinWrite), (40 bytes).
    Removing gpio_lpc17xx.o(i.GPIO_PortClock), (44 bytes).
    Removing gpio_lpc17xx.o(i.GPIO_PortRead), (20 bytes).
    Removing gpio_lpc17xx.o(i.GPIO_PortWrite), (32 bytes).
    Removing gpio_lpc17xx.o(i.GPIO_SetDir), (56 bytes).
    Removing pin_lpc17xx.o(.rev16_text), (4 bytes).
    Removing pin_lpc17xx.o(.revsh_text), (4 bytes).
    Removing pin_lpc17xx.o(.rrx_text), (6 bytes).
    Removing pin_lpc17xx.o(i.PIN_ConfigureI2C0Pins), (32 bytes).
    Removing pin_lpc17xx.o(i.PIN_ConfigureTPIU), (40 bytes).
    Removing system_lpc17xx.o(.rev16_text), (4 bytes).
    Removing system_lpc17xx.o(.revsh_text), (4 bytes).
    Removing system_lpc17xx.o(.rrx_text), (6 bytes).
    Removing system_lpc17xx.o(i.SystemCoreClockUpdate), (424 bytes).

52 unused section(s) (total 1724 bytes) removed from the image.

==============================================================================

Image Symbol Table

    Local Symbols

    Symbol Name                              Value     Ov Type        Size  Object(Section)

    RESET                                    0x00000000   Section      204  startup_lpc17xx.o(RESET)
    ../clib/angel/boardlib.s                 0x00000000   Number         0  boardshut.o ABSOLUTE
    ../clib/angel/boardlib.s                 0x00000000   Number         0  boardinit2.o ABSOLUTE
    ../clib/angel/boardlib.s                 0x00000000   Number         0  boardinit1.o ABSOLUTE
    ../clib/angel/boardlib.s                 0x00000000   Number         0  boardinit3.o ABSOLUTE
    ../clib/angel/handlers.s                 0x00000000   Number         0  __scatter_copy.o ABSOLUTE
    ../clib/angel/handlers.s                 0x00000000   Number         0  __scatter_zi.o ABSOLUTE
    ../clib/angel/kernel.s                   0x00000000   Number         0  __rtentry2.o ABSOLUTE
    ../clib/angel/kernel.s                   0x00000000   Number         0  rtexit2.o ABSOLUTE
    ../clib/angel/kernel.s                   0x00000000   Number         0  __rtentry4.o ABSOLUTE
    ../clib/angel/kernel.s                   0x00000000   Number         0  rtexit.o ABSOLUTE
    ../clib/angel/kernel.s                   0x00000000   Number         0  __rtentry.o ABSOLUTE
    ../clib/angel/rt.s                       0x00000000   Number         0  rt_heap_descriptor.o ABSOLUTE
    ../clib/angel/rt.s                       0x00000000   Number         0  rt_div0.o ABSOLUTE
    ../clib/angel/rt.s                       0x00000000   Number         0  rt_heap_descriptor_intlibspace.o ABSOLUTE
    ../clib/angel/rt.s                       0x00000000   Number         0  aeabi_ldiv0.o ABSOLUTE
    ../clib/angel/rt.s                       0x00000000   Number         0  aeabi_ldiv0_sigfpe.o ABSOLUTE
    ../clib/angel/rt.s                       0x00000000   Number         0  rt_raise.o ABSOLUTE
    ../clib/angel/scatter.s                  0x00000000   Number         0  __scatter.o ABSOLUTE
    ../clib/angel/startup.s                  0x00000000   Number         0  __main.o ABSOLUTE
    ../clib/angel/sys.s                      0x00000000   Number         0  libspace.o ABSOLUTE
    ../clib/angel/sys.s                      0x00000000   Number         0  mutex_dummy.o ABSOLUTE
    ../clib/angel/sys.s                      0x00000000   Number         0  use_no_semi.o ABSOLUTE
    ../clib/angel/sys.s                      0x00000000   Number         0  indicate_semi.o ABSOLUTE
    ../clib/angel/sys.s                      0x00000000   Number         0  sys_stackheap_outer.o ABSOLUTE
    ../clib/angel/sysapp.c                   0x00000000   Number         0  sys_wrch.o ABSOLUTE
    ../clib/angel/sysapp.c                   0x00000000   Number         0  sys_command.o ABSOLUTE
    ../clib/angel/sysapp.c                   0x00000000   Number         0  sys_exit.o ABSOLUTE
    ../clib/armsys.c                         0x00000000   Number         0  _get_argv_nomalloc.o ABSOLUTE
    ../clib/armsys.c                         0x00000000   Number         0  argv_veneer.o ABSOLUTE
    ../clib/armsys.c                         0x00000000   Number         0  argv_veneer.o ABSOLUTE
    ../clib/armsys.c                         0x00000000   Number         0  _get_argv.o ABSOLUTE
    ../clib/armsys.c                         0x00000000   Number         0  no_argv.o ABSOLUTE
    ../clib/heap1.c                          0x00000000   Number         0  h1_final_mt.o ABSOLUTE
    ../clib/heap1.c                          0x00000000   Number         0  h1_final.o ABSOLUTE
    ../clib/heap1.c                          0x00000000   Number         0  h1_free_mt.o ABSOLUTE
    ../clib/heap1.c                          0x00000000   Number         0  h1_alloc_mt.o ABSOLUTE
    ../clib/heap1.c                          0x00000000   Number         0  h1_free.o ABSOLUTE
    ../clib/heap1.c                          0x00000000   Number         0  h1_extend.o ABSOLUTE
    ../clib/heap1.c                          0x00000000   Number         0  h1_extend_mt.o ABSOLUTE
    ../clib/heap1.c                          0x00000000   Number         0  h1_alloc.o ABSOLUTE
    ../clib/heap1.c                          0x00000000   Number         0  h1_init.o ABSOLUTE
    ../clib/heap1.c                          0x00000000   Number         0  h1_init_mt.o ABSOLUTE
    ../clib/heap2.c                          0x00000000   Number         0  heap2.o ABSOLUTE
    ../clib/heap2.c                          0x00000000   Number         0  fdtree.o ABSOLUTE
    ../clib/heap2.c                          0x00000000   Number         0  heap2mt.o ABSOLUTE
    ../clib/heapalloc.c                      0x00000000   Number         0  malloc.o ABSOLUTE
    ../clib/heapalloc.c                      0x00000000   Number         0  hrguard.o ABSOLUTE
    ../clib/heapalloc.c                      0x00000000   Number         0  free.o ABSOLUTE
    ../clib/heapalloc.c                      0x00000000   Number         0  hguard.o ABSOLUTE
    ../clib/heapalloc.c                      0x00000000   Number         0  term_alloc.o ABSOLUTE
    ../clib/heapalloc.c                      0x00000000   Number         0  maybetermalloc2.o ABSOLUTE
    ../clib/heapalloc.c                      0x00000000   Number         0  maybetermalloc2.o ABSOLUTE
    ../clib/heapalloc.c                      0x00000000   Number         0  maybetermalloc1.o ABSOLUTE
    ../clib/heapalloc.c                      0x00000000   Number         0  maybetermalloc1.o ABSOLUTE
    ../clib/heapalloc.c                      0x00000000   Number         0  init_alloc.o ABSOLUTE
    ../clib/heapalloc.c                      0x00000000   Number         0  heapstubs.o ABSOLUTE
    ../clib/heapaux.c                        0x00000000   Number         0  heapauxa.o ABSOLUTE
    ../clib/heapaux.c                        0x00000000   Number         0  heapauxi.o ABSOLUTE
    ../clib/libinit.s                        0x00000000   Number         0  libinit2.o ABSOLUTE
    ../clib/libinit.s                        0x00000000   Number         0  libshutdown2.o ABSOLUTE
    ../clib/libinit.s                        0x00000000   Number         0  libshutdown.o ABSOLUTE
    ../clib/libinit.s                        0x00000000   Number         0  libinit.o ABSOLUTE
    ../clib/longlong.s                       0x00000000   Number         0  lludivv7m.o ABSOLUTE
    ../clib/memcpset.s                       0x00000000   Number         0  rt_memcpy_v6.o ABSOLUTE
    ../clib/memcpset.s                       0x00000000   Number         0  rt_memcpy_w.o ABSOLUTE
    ../clib/printf.c                         0x00000000   Number         0  __printf_nopercent.o ABSOLUTE
    ../clib/printf.c                         0x00000000   Number         0  __printf_flags.o ABSOLUTE
    ../clib/printf.c                         0x00000000   Number         0  _sputc.o ABSOLUTE
    ../clib/printf.c                         0x00000000   Number         0  _printf_char_common.o ABSOLUTE
    ../clib/printf.c                         0x00000000   Number         0  _printf_intcommon.o ABSOLUTE
    ../clib/printf.c                         0x00000000   Number         0  __printf_flags_ss_wp.o ABSOLUTE
    ../clib/printf.c                         0x00000000   Number         0  __2sprintf.o ABSOLUTE
    ../clib/printf.c                         0x00000000   Number         0  noretval__2sprintf.o ABSOLUTE
    ../clib/printf.c                         0x00000000   Number         0  __printf.o ABSOLUTE
    ../clib/printf.c                         0x00000000   Number         0  _printf_dec.o ABSOLUTE
    ../clib/printf.c                         0x00000000   Number         0  __printf_ss.o ABSOLUTE
    ../clib/printf.c                         0x00000000   Number         0  __printf_ss_wp.o ABSOLUTE
    ../clib/printf.c                         0x00000000   Number         0  __printf_flags_wp.o ABSOLUTE
    ../clib/printf.c                         0x00000000   Number         0  __printf_wp.o ABSOLUTE
    ../clib/printf.c                         0x00000000   Number         0  __printf_flags_ss.o ABSOLUTE
    ../clib/printf_percent.s                 0x00000000   Number         0  _printf_d.o ABSOLUTE
    ../clib/printf_percent.s                 0x00000000   Number         0  _printf_percent.o ABSOLUTE
    ../clib/printf_percent.s                 0x00000000   Number         0  _printf_percent_end.o ABSOLUTE
    ../clib/signal.c                         0x00000000   Number         0  defsig_rtmem_inner.o ABSOLUTE
    ../clib/signal.c                         0x00000000   Number         0  defsig_exit.o ABSOLUTE
    ../clib/signal.c                         0x00000000   Number         0  defsig_fpe_outer.o ABSOLUTE
    ../clib/signal.c                         0x00000000   Number         0  defsig_segv_inner.o ABSOLUTE
    ../clib/signal.c                         0x00000000   Number         0  defsig_fpe_formal.o ABSOLUTE
    ../clib/signal.c                         0x00000000   Number         0  defsig_rtred_inner.o ABSOLUTE
    ../clib/signal.c                         0x00000000   Number         0  defsig_fpe_inner.o ABSOLUTE
    ../clib/signal.c                         0x00000000   Number         0  defsig_general.o ABSOLUTE
    ../clib/signal.c                         0x00000000   Number         0  defsig_other.o ABSOLUTE
    ../clib/signal.c                         0x00000000   Number         0  defsig_rtmem_formal.o ABSOLUTE
    ../clib/signal.c                         0x00000000   Number         0  defsig_rtmem_outer.o ABSOLUTE
    ../clib/signal.c                         0x00000000   Number         0  __raise.o ABSOLUTE
    ../clib/signal.c                         0x00000000   Number         0  defsig_abrt_inner.o ABSOLUTE
    ../clib/signal.c                         0x00000000   Number         0  defsig_stak_inner.o ABSOLUTE
    ../clib/signal.c                         0x00000000   Number         0  defsig_pvfn_inner.o ABSOLUTE
    ../clib/signal.c                         0x00000000   Number         0  defsig_cppl_inner.o ABSOLUTE
    ../clib/signal.s                         0x00000000   Number         0  defsig.o ABSOLUTE
    ../clib/stdlib.c                         0x00000000   Number         0  rand.o ABSOLUTE
    ../clib/stdlib.c                         0x00000000   Number         0  exit.o ABSOLUTE
    ../clib/stdlib.c                         0x00000000   Number         0  rand.o ABSOLUTE
    ../fplib/d2f.s                           0x00000000   Number         0  d2f.o ABSOLUTE
    ../fplib/dcmpi.s                         0x00000000   Number         0  dcmpi.o ABSOLUTE
    ../fplib/dleqf.s                         0x00000000   Number         0  dleqf.o ABSOLUTE
    ../fplib/dnaninf.s                       0x00000000   Number         0  dnaninf.o ABSOLUTE
    ../fplib/dretinf.s                       0x00000000   Number         0  dretinf.o ABSOLUTE
    ../fplib/f2d.s                           0x00000000   Number         0  f2d.o ABSOLUTE
    ../fplib/faddsub.s                       0x00000000   Number         0  faddsub_clz.o ABSOLUTE
    ../fplib/fcmpi.s                         0x00000000   Number         0  fcmpi.o ABSOLUTE
    ../fplib/fdiv.s                          0x00000000   Number         0  fdiv.o ABSOLUTE
    ../fplib/ffix.s                          0x00000000   Number         0  ffix.o ABSOLUTE
    ../fplib/ffixu.s                         0x00000000   Number         0  ffixu.o ABSOLUTE
    ../fplib/fflt.s                          0x00000000   Number         0  fflt_clz.o ABSOLUTE
    ../fplib/fleqf.s                         0x00000000   Number         0  fleqf.o ABSOLUTE
    ../fplib/fnaninf.s                       0x00000000   Number         0  fnaninf.o ABSOLUTE
    ../fplib/fpinit.s                        0x00000000   Number         0  fpinit.o ABSOLUTE
    ../fplib/fretinf.s                       0x00000000   Number         0  fretinf.o ABSOLUTE
    ../fplib/frleqf.s                        0x00000000   Number         0  frleqf.o ABSOLUTE
    ../fplib/usenofp.s                       0x00000000   Number         0  usenofp.o ABSOLUTE
    C:\Keil_v5\ARM\PACK\Keil\LPC1700_DFP\2.6.1\Boards\Waveshare\Open1768\Common\LED_Open1768.c 0x00000000   Number         0  led_open1768.o ABSOLUTE
    C:\Keil_v5\ARM\PACK\Keil\LPC1700_DFP\2.6.1\RTE_Driver\GPIO_LPC17xx.c 0x00000000   Number         0  gpio_lpc17xx.o ABSOLUTE
    C:\Keil_v5\ARM\PACK\Keil\LPC1700_DFP\2.6.1\RTE_Driver\PIN_LPC17xx.c 0x00000000   Number         0  pin_lpc17xx.o ABSOLUTE
    C:\\Keil_v5\\ARM\\PACK\\Keil\\LPC1700_DFP\\2.6.1\\Boards\\Waveshare\\Open1768\\Common\\LED_Open1768.c 0x00000000   Number         0  led_open1768.o ABSOLUTE
    C:\\Keil_v5\\ARM\\PACK\\Keil\\LPC1700_DFP\\2.6.1\\RTE_Driver\\GPIO_LPC17xx.c 0x00000000   Number         0  gpio_lpc17xx.o ABSOLUTE
    C:\\Keil_v5\\ARM\\PACK\\Keil\\LPC1700_DFP\\2.6.1\\RTE_Driver\\PIN_LPC17xx.c 0x00000000   Number         0  pin_lpc17xx.o ABSOLUTE
    LCD_ILI9325.c                            0x00000000   Number         0  lcd_ili9325.o ABSOLUTE
    LCD_ILI9325.c                            0x00000000   Number         0  lcd_ili9325.o ABSOLUTE
    Open1768_LCD.c                           0x00000000   Number         0  open1768_lcd.o ABSOLUTE
    Open1768_LCD.c                           0x00000000   Number         0  open1768_lcd.o ABSOLUTE
    RTE\Device\LPC1768\startup_LPC17xx.s     0x00000000   Number         0  startup_lpc17xx.o ABSOLUTE
    RTE\Device\LPC1768\system_LPC17xx.c      0x00000000   Number         0  system_lpc17xx.o ABSOLUTE
    RTE\\Device\\LPC1768\\system_LPC17xx.c   0x00000000   Number         0  system_lpc17xx.o ABSOLUTE
    TP_Open1768.c                            0x00000000   Number         0  tp_open1768.o ABSOLUTE
    TP_Open1768.c                            0x00000000   Number         0  tp_open1768.o ABSOLUTE
    asciiLib.c                               0x00000000   Number         0  asciilib.o ABSOLUTE
    dc.s                                     0x00000000   Number         0  dc.o ABSOLUTE
    lcd_painting.c                           0x00000000   Number         0  lcd_painting.o ABSOLUTE
    lcd_painting.c                           0x00000000   Number         0  lcd_painting.o ABSOLUTE
    main.c                                   0x00000000   Number         0  main.o ABSOLUTE
    main.c                                   0x00000000   Number         0  main.o ABSOLUTE
    snake.c                                  0x00000000   Number         0  snake.o ABSOLUTE
    !!!main                                  0x000000cc   Section        8  __main.o(!!!main)
    !!!scatter                               0x000000d4   Section       52  __scatter.o(!!!scatter)
    !!handler_copy                           0x00000108   Section       26  __scatter_copy.o(!!handler_copy)
    !!handler_zi                             0x00000124   Section       28  __scatter_zi.o(!!handler_zi)
    .ARM.Collect$$_printf_percent$$00000000  0x00000140   Section        0  _printf_percent.o(.ARM.Collect$$_printf_percent$$00000000)
    .ARM.Collect$$_printf_percent$$00000009  0x00000140   Section        6  _printf_d.o(.ARM.Collect$$_printf_percent$$00000009)
    .ARM.Collect$$_printf_percent$$00000017  0x00000146   Section        4  _printf_percent_end.o(.ARM.Collect$$_printf_percent$$00000017)
    .ARM.Collect$$libinit$$00000000          0x0000014a   Section        2  libinit.o(.ARM.Collect$$libinit$$00000000)
    .ARM.Collect$$libinit$$00000002          0x0000014c   Section        0  libinit2.o(.ARM.Collect$$libinit$$00000002)
    .ARM.Collect$$libinit$$00000004          0x0000014c   Section        0  libinit2.o(.ARM.Collect$$libinit$$00000004)
    .ARM.Collect$$libinit$$00000005          0x0000014c   Section        8  libinit2.o(.ARM.Collect$$libinit$$00000005)
    .ARM.Collect$$libinit$$0000000A          0x00000154   Section        0  libinit2.o(.ARM.Collect$$libinit$$0000000A)
    .ARM.Collect$$libinit$$0000000C          0x00000154   Section        0  libinit2.o(.ARM.Collect$$libinit$$0000000C)
    .ARM.Collect$$libinit$$0000000D          0x00000154   Section        4  libinit2.o(.ARM.Collect$$libinit$$0000000D)
    .ARM.Collect$$libinit$$0000000E          0x00000158   Section        0  libinit2.o(.ARM.Collect$$libinit$$0000000E)
    .ARM.Collect$$libinit$$00000011          0x00000158   Section        0  libinit2.o(.ARM.Collect$$libinit$$00000011)
    .ARM.Collect$$libinit$$00000013          0x00000158   Section        0  libinit2.o(.ARM.Collect$$libinit$$00000013)
    .ARM.Collect$$libinit$$00000015          0x00000158   Section        0  libinit2.o(.ARM.Collect$$libinit$$00000015)
    .ARM.Collect$$libinit$$00000017          0x00000158   Section        0  libinit2.o(.ARM.Collect$$libinit$$00000017)
    .ARM.Collect$$libinit$$00000019          0x00000158   Section        0  libinit2.o(.ARM.Collect$$libinit$$00000019)
    .ARM.Collect$$libinit$$0000001B          0x00000158   Section        0  libinit2.o(.ARM.Collect$$libinit$$0000001B)
    .ARM.Collect$$libinit$$0000001D          0x00000158   Section        0  libinit2.o(.ARM.Collect$$libinit$$0000001D)
    .ARM.Collect$$libinit$$0000001F          0x00000158   Section        0  libinit2.o(.ARM.Collect$$libinit$$0000001F)
    .ARM.Collect$$libinit$$00000021          0x00000158   Section        0  libinit2.o(.ARM.Collect$$libinit$$00000021)
    .ARM.Collect$$libinit$$00000023          0x00000158   Section        0  libinit2.o(.ARM.Collect$$libinit$$00000023)
    .ARM.Collect$$libinit$$00000025          0x00000158   Section        0  libinit2.o(.ARM.Collect$$libinit$$00000025)
    .ARM.Collect$$libinit$$0000002C          0x00000158   Section        0  libinit2.o(.ARM.Collect$$libinit$$0000002C)
    .ARM.Collect$$libinit$$0000002E          0x00000158   Section        0  libinit2.o(.ARM.Collect$$libinit$$0000002E)
    .ARM.Collect$$libinit$$00000030          0x00000158   Section        0  libinit2.o(.ARM.Collect$$libinit$$00000030)
    .ARM.Collect$$libinit$$00000032          0x00000158   Section        0  libinit2.o(.ARM.Collect$$libinit$$00000032)
    .ARM.Collect$$libinit$$00000033          0x00000158   Section        2  libinit2.o(.ARM.Collect$$libinit$$00000033)
    .ARM.Collect$$libshutdown$$00000000      0x0000015a   Section        2  libshutdown.o(.ARM.Collect$$libshutdown$$00000000)
    .ARM.Collect$$libshutdown$$00000002      0x0000015c   Section        0  libshutdown2.o(.ARM.Collect$$libshutdown$$00000002)
    .ARM.Collect$$libshutdown$$00000004      0x0000015c   Section        0  libshutdown2.o(.ARM.Collect$$libshutdown$$00000004)
    .ARM.Collect$$libshutdown$$00000007      0x0000015c   Section        0  libshutdown2.o(.ARM.Collect$$libshutdown$$00000007)
    .ARM.Collect$$libshutdown$$0000000A      0x0000015c   Section        0  libshutdown2.o(.ARM.Collect$$libshutdown$$0000000A)
    .ARM.Collect$$libshutdown$$0000000C      0x0000015c   Section        0  libshutdown2.o(.ARM.Collect$$libshutdown$$0000000C)
    .ARM.Collect$$libshutdown$$0000000F      0x0000015c   Section        0  libshutdown2.o(.ARM.Collect$$libshutdown$$0000000F)
    .ARM.Collect$$libshutdown$$00000010      0x0000015c   Section        2  libshutdown2.o(.ARM.Collect$$libshutdown$$00000010)
    .ARM.Collect$$rtentry$$00000000          0x0000015e   Section        0  __rtentry.o(.ARM.Collect$$rtentry$$00000000)
    .ARM.Collect$$rtentry$$00000002          0x0000015e   Section        0  __rtentry2.o(.ARM.Collect$$rtentry$$00000002)
    .ARM.Collect$$rtentry$$00000004          0x0000015e   Section        6  __rtentry4.o(.ARM.Collect$$rtentry$$00000004)
    .ARM.Collect$$rtentry$$00000009          0x00000164   Section        0  __rtentry2.o(.ARM.Collect$$rtentry$$00000009)
    .ARM.Collect$$rtentry$$0000000A          0x00000164   Section        4  __rtentry2.o(.ARM.Collect$$rtentry$$0000000A)
    .ARM.Collect$$rtentry$$0000000C          0x00000168   Section        0  __rtentry2.o(.ARM.Collect$$rtentry$$0000000C)
    .ARM.Collect$$rtentry$$0000000D          0x00000168   Section        8  __rtentry2.o(.ARM.Collect$$rtentry$$0000000D)
    .ARM.Collect$$rtexit$$00000000           0x00000170   Section        2  rtexit.o(.ARM.Collect$$rtexit$$00000000)
    .ARM.Collect$$rtexit$$00000002           0x00000172   Section        0  rtexit2.o(.ARM.Collect$$rtexit$$00000002)
    .ARM.Collect$$rtexit$$00000003           0x00000172   Section        4  rtexit2.o(.ARM.Collect$$rtexit$$00000003)
    .ARM.Collect$$rtexit$$00000004           0x00000176   Section        6  rtexit2.o(.ARM.Collect$$rtexit$$00000004)
    .emb_text                                0x0000017c   Section       52  rand.o(.emb_text)
    .emb_text                                0x000001b0   Section        0  maybetermalloc1.o(.emb_text)
    .text                                    0x000001b0   Section       64  startup_lpc17xx.o(.text)
    .text                                    0x000001f0   Section        0  h1_alloc.o(.text)
    .text                                    0x0000024e   Section        0  h1_free.o(.text)
    .text                                    0x0000029c   Section        0  noretval__2sprintf.o(.text)
    .text                                    0x000002c4   Section        0  heapauxi.o(.text)
    .text                                    0x000002cc   Section        8  rt_heap_descriptor_intlibspace.o(.text)
    .text                                    0x000002d4   Section        0  hguard.o(.text)
    .text                                    0x000002d8   Section        0  h1_init.o(.text)
    .text                                    0x000002e6   Section        0  _sputc.o(.text)
    .text                                    0x000002f0   Section        8  libspace.o(.text)
    .text                                    0x000002f8   Section        2  use_no_semi.o(.text)
    .text                                    0x000002fa   Section        0  indicate_semi.o(.text)
    x$fpl$usenofp                            0x000002fa   Section        0  usenofp.o(x$fpl$usenofp)
    .ARM.__at_0x02FC                         0x000002fc   Section        4  startup_lpc17xx.o(.ARM.__at_0x02FC)
    .text                                    0x00000300   Section        0  __printf.o(.text)
    .text                                    0x00000368   Section        0  _printf_dec.o(.text)
    .text                                    0x000003e0   Section        0  rand.o(.text)
    .text                                    0x0000041c   Section      138  rt_memcpy_v6.o(.text)
    .text                                    0x000004a6   Section        0  init_alloc.o(.text)
    .text                                    0x00000530   Section        0  _printf_intcommon.o(.text)
    .text                                    0x000005e4   Section        0  _printf_char_common.o(.text)
    _printf_input_char                       0x000005e5   Thumb Code    10  _printf_char_common.o(.text)
    .text                                    0x00000614   Section      100  rt_memcpy_w.o(.text)
    .text                                    0x00000678   Section        0  h1_extend.o(.text)
    .text                                    0x000006ac   Section        0  defsig_rtmem_outer.o(.text)
    .text                                    0x000006ba   Section       74  sys_stackheap_outer.o(.text)
    .text                                    0x00000704   Section        0  exit.o(.text)
    .text                                    0x00000716   Section        0  defsig_exit.o(.text)
    .text                                    0x00000720   Section        0  defsig_rtmem_inner.o(.text)
    .text                                    0x00000770   Section        0  sys_exit.o(.text)
    .text                                    0x0000077c   Section        0  defsig_general.o(.text)
    .text                                    0x000007ae   Section        0  sys_wrch.o(.text)
    i.EINT3_IRQHandler                       0x000007bc   Section        0  main.o(i.EINT3_IRQHandler)
    i.GetASCIICode                           0x000008ac   Section        0  asciilib.o(i.GetASCIICode)
    i.PIN_Configure                          0x000008d8   Section        0  pin_lpc17xx.o(i.PIN_Configure)
    i.SysTick_Handler                        0x000009d4   Section        0  main.o(i.SysTick_Handler)
    i.SystemInit                             0x000009f4   Section        0  system_lpc17xx.o(i.SystemInit)
    i.__NVIC_EnableIRQ                       0x00000b34   Section        0  main.o(i.__NVIC_EnableIRQ)
    __NVIC_EnableIRQ                         0x00000b35   Thumb Code    26  main.o(i.__NVIC_EnableIRQ)
    i.__NVIC_SetPriority                     0x00000b50   Section        0  main.o(i.__NVIC_SetPriority)
    __NVIC_SetPriority                       0x00000b51   Thumb Code    32  main.o(i.__NVIC_SetPriority)
    i.changeDirection                        0x00000b78   Section        0  snake.o(i.changeDirection)
    i.checkCollision                         0x00000bb4   Section        0  snake.o(i.checkCollision)
    i.checkCollisionWithBorders              0x00000bec   Section        0  snake.o(i.checkCollisionWithBorders)
    i.checkCollisionWithFood                 0x00000c24   Section        0  snake.o(i.checkCollisionWithFood)
    i.checkCollisionWithItself               0x00000c54   Section        0  snake.o(i.checkCollisionWithItself)
    i.checkXFoodAndSnake                     0x00000c82   Section        0  snake.o(i.checkXFoodAndSnake)
    i.checkYFoodAndSnake                     0x00000ca2   Section        0  snake.o(i.checkYFoodAndSnake)
    i.clearScreen                            0x00000cc2   Section        0  lcd_painting.o(i.clearScreen)
    i.createSegment                          0x00000cd8   Section        0  snake.o(i.createSegment)
    i.delay_ms                               0x00000cea   Section        0  lcd_ili9325.o(i.delay_ms)
    i.deleteSnake                            0x00000d08   Section        0  snake.o(i.deleteSnake)
    i.drawCalibrationGrid                    0x00000d20   Section        0  main.o(i.drawCalibrationGrid)
    i.drawCalibrationX                       0x00000db8   Section        0  lcd_painting.o(i.drawCalibrationX)
    i.drawFood                               0x00000e24   Section        0  snake.o(i.drawFood)
    i.drawLetter                             0x00000e44   Section        0  lcd_painting.o(i.drawLetter)
    i.drawLine                               0x00000ec4   Section        0  lcd_painting.o(i.drawLine)
    i.drawPoint                              0x00000fdc   Section        0  lcd_painting.o(i.drawPoint)
    i.drawRect                               0x00000ffa   Section        0  lcd_painting.o(i.drawRect)
    i.drawSegment                            0x0000105e   Section        0  snake.o(i.drawSegment)
    i.drawSentence                           0x0000107c   Section        0  lcd_painting.o(i.drawSentence)
    i.drawSnake                              0x000010be   Section        0  snake.o(i.drawSnake)
    i.extendSnake                            0x000010d4   Section        0  snake.o(i.extendSnake)
    i.initFood                               0x000010fa   Section        0  snake.o(i.initFood)
    i.initSnake                              0x00001106   Section        0  snake.o(i.initSnake)
    i.init_ILI9325                           0x00001122   Section        0  lcd_ili9325.o(i.init_ILI9325)
    i.lcdConfiguration                       0x000012f8   Section        0  open1768_lcd.o(i.lcdConfiguration)
    i.lcdSend                                0x00001320   Section        0  open1768_lcd.o(i.lcdSend)
    i.lcdSetCursor                           0x0000134c   Section        0  open1768_lcd.o(i.lcdSetCursor)
    i.lcdWriteData                           0x00001364   Section        0  open1768_lcd.o(i.lcdWriteData)
    i.lcdWriteIndex                          0x0000139c   Section        0  open1768_lcd.o(i.lcdWriteIndex)
    i.lcdWriteReg                            0x000013dc   Section        0  open1768_lcd.o(i.lcdWriteReg)
    i.main                                   0x000013f0   Section        0  main.o(i.main)
    i.moveSnake                              0x00001584   Section        0  snake.o(i.moveSnake)
    i.moveSnakeHead                          0x000015be   Section        0  snake.o(i.moveSnakeHead)
    i.putFoodOnGrid                          0x0000161a   Section        0  snake.o(i.putFoodOnGrid)
    i.takeTSCoords                           0x000016a8   Section        0  main.o(i.takeTSCoords)
    i.touchpanelDelayUS                      0x00001718   Section        0  tp_open1768.o(i.touchpanelDelayUS)
    touchpanelDelayUS                        0x00001719   Thumb Code    42  tp_open1768.o(i.touchpanelDelayUS)
    i.touchpanelDriverDataBusInit            0x00001744   Section        0  tp_open1768.o(i.touchpanelDriverDataBusInit)
    touchpanelDriverDataBusInit              0x00001745   Thumb Code   140  tp_open1768.o(i.touchpanelDriverDataBusInit)
    i.touchpanelGetXY                        0x000017dc   Section        0  tp_open1768.o(i.touchpanelGetXY)
    i.touchpanelInit                         0x00001800   Section        0  tp_open1768.o(i.touchpanelInit)
    i.touchpanelReadAddress                  0x00001828   Section        0  tp_open1768.o(i.touchpanelReadAddress)
    touchpanelReadAddress                    0x00001829   Thumb Code    44  tp_open1768.o(i.touchpanelReadAddress)
    i.touchpanelReadX                        0x00001854   Section        0  tp_open1768.o(i.touchpanelReadX)
    i.touchpanelReadY                        0x00001884   Section        0  tp_open1768.o(i.touchpanelReadY)
    i.touchpanelWriteCmd                     0x000018b4   Section        0  tp_open1768.o(i.touchpanelWriteCmd)
    touchpanelWriteCmd                       0x000018b5   Thumb Code    56  tp_open1768.o(i.touchpanelWriteCmd)
    i.wait_delay                             0x000018f0   Section        0  open1768_lcd.o(i.wait_delay)
    x$fpl$d2f                                0x00001904   Section       98  d2f.o(x$fpl$d2f)
    x$fpl$dcmpinf                            0x00001966   Section       24  dcmpi.o(x$fpl$dcmpinf)
    x$fpl$dleqf                              0x00001980   Section      120  dleqf.o(x$fpl$dleqf)
    x$fpl$dnaninf                            0x000019f8   Section      156  dnaninf.o(x$fpl$dnaninf)
    x$fpl$dretinf                            0x00001a94   Section       12  dretinf.o(x$fpl$dretinf)
    x$fpl$f2d                                0x00001aa0   Section       86  f2d.o(x$fpl$f2d)
    x$fpl$fadd                               0x00001af8   Section      196  faddsub_clz.o(x$fpl$fadd)
    _fadd1                                   0x00001b07   Thumb Code     0  faddsub_clz.o(x$fpl$fadd)
    x$fpl$fcmpinf                            0x00001bbc   Section       24  fcmpi.o(x$fpl$fcmpinf)
    x$fpl$fdiv                               0x00001bd4   Section      388  fdiv.o(x$fpl$fdiv)
    _fdiv1                                   0x00001bd5   Thumb Code     0  fdiv.o(x$fpl$fdiv)
    x$fpl$ffix                               0x00001d58   Section       54  ffix.o(x$fpl$ffix)
    x$fpl$ffixu                              0x00001d90   Section       62  ffixu.o(x$fpl$ffixu)
    x$fpl$fflt                               0x00001dd0   Section       48  fflt_clz.o(x$fpl$fflt)
    x$fpl$ffltu                              0x00001e00   Section       38  fflt_clz.o(x$fpl$ffltu)
    x$fpl$fleqf                              0x00001e28   Section      104  fleqf.o(x$fpl$fleqf)
    x$fpl$fnaninf                            0x00001e90   Section      140  fnaninf.o(x$fpl$fnaninf)
    x$fpl$fretinf                            0x00001f1c   Section       10  fretinf.o(x$fpl$fretinf)
    x$fpl$frleqf                             0x00001f26   Section       98  frleqf.o(x$fpl$frleqf)
    x$fpl$frsb                               0x00001f88   Section       20  faddsub_clz.o(x$fpl$frsb)
    x$fpl$fsub                               0x00001f9c   Section      234  faddsub_clz.o(x$fpl$fsub)
    _fsub1                                   0x00001fab   Thumb Code     0  faddsub_clz.o(x$fpl$fsub)
    .constdata                               0x00002086   Section     3040  asciilib.o(.constdata)
    AsciiLib                                 0x00002086   Data        3040  asciilib.o(.constdata)
    .bss                                     0x10000000   Section      228  rand.o(.bss)
    STACK                                    0x100000e8   Section      512  startup_lpc17xx.o(STACK)
    Stack_Mem                                0x100000e8   Data         512  startup_lpc17xx.o(STACK)
    __initial_sp                             0x100002e8   Data           0  startup_lpc17xx.o(STACK)
    .data                                    0x2007c000   Section       21  main.o(.data)
    .data                                    0x2007c018   Section        4  system_lpc17xx.o(.data)
    .bss                                     0x2007c01c   Section       32  main.o(.bss)
    .bss                                     0x2007c03c   Section       96  libspace.o(.bss)
    HEAP                                     0x2007c0a0   Section      512  startup_lpc17xx.o(HEAP)
    Heap_Mem                                 0x2007c0a0   Data         512  startup_lpc17xx.o(HEAP)

    Global Symbols

    Symbol Name                              Value     Ov Type        Size  Object(Section)

    BuildAttributes$$THM_ISAv4$P$D$K$B$S$PE$A:L22UL41UL21$X:L11$S22US41US21$IEEE1$IW$USESV6$~STKCKD$USESV7$~SHL$OTIME$ROPI$EBA8$UX$STANDARDLIB$REQ8$PRES8$EABIv2 0x00000000   Number         0  anon$$obj.o ABSOLUTE
    __ARM_use_no_argv                        0x00000000   Number         0  main.o ABSOLUTE
    __Vectors                                0x00000000   Data           4  startup_lpc17xx.o(RESET)
    __ARM_exceptions_init                     - Undefined Weak Reference
    __alloca_initialize                       - Undefined Weak Reference
    __arm_preinit_                            - Undefined Weak Reference
    __cpp_initialize__aeabi_                  - Undefined Weak Reference
    __cxa_finalize                            - Undefined Weak Reference
    __rt_locale                               - Undefined Weak Reference
    __sigvec_lookup                           - Undefined Weak Reference
    __user_heap_extent                        - Undefined Weak Reference
    _atexit_init                              - Undefined Weak Reference
    _call_atexit_fns                          - Undefined Weak Reference
    _clock_init                               - Undefined Weak Reference
    _fp_trap_init                             - Undefined Weak Reference
    _fp_trap_shutdown                         - Undefined Weak Reference
    _get_lc_collate                           - Undefined Weak Reference
    _get_lc_ctype                             - Undefined Weak Reference
    _get_lc_monetary                          - Undefined Weak Reference
    _get_lc_numeric                           - Undefined Weak Reference
    _get_lc_time                              - Undefined Weak Reference
    _getenv_init                              - Undefined Weak Reference
    _handle_redirection                       - Undefined Weak Reference
    _initio                                   - Undefined Weak Reference
    _mutex_acquire                            - Undefined Weak Reference
    _mutex_free                               - Undefined Weak Reference
    _mutex_release                            - Undefined Weak Reference
    _printf_post_padding                      - Undefined Weak Reference
    _printf_pre_padding                       - Undefined Weak Reference
    _printf_truncate_signed                   - Undefined Weak Reference
    _printf_truncate_unsigned                 - Undefined Weak Reference
    _signal_finish                            - Undefined Weak Reference
    _signal_init                              - Undefined Weak Reference
    _terminateio                              - Undefined Weak Reference
    __main                                   0x000000cd   Thumb Code     8  __main.o(!!!main)
    __scatterload                            0x000000d5   Thumb Code     0  __scatter.o(!!!scatter)
    __scatterload_rt2                        0x000000d5   Thumb Code    44  __scatter.o(!!!scatter)
    __scatterload_rt2_thumb_only             0x000000d5   Thumb Code     0  __scatter.o(!!!scatter)
    __scatterload_null                       0x000000e3   Thumb Code     0  __scatter.o(!!!scatter)
    __scatterload_copy                       0x00000109   Thumb Code    26  __scatter_copy.o(!!handler_copy)
    __scatterload_zeroinit                   0x00000125   Thumb Code    28  __scatter_zi.o(!!handler_zi)
    _printf_d                                0x00000141   Thumb Code     0  _printf_d.o(.ARM.Collect$$_printf_percent$$00000009)
    _printf_percent                          0x00000141   Thumb Code     0  _printf_percent.o(.ARM.Collect$$_printf_percent$$00000000)
    _printf_percent_end                      0x00000147   Thumb Code     0  _printf_percent_end.o(.ARM.Collect$$_printf_percent$$00000017)
    __rt_lib_init                            0x0000014b   Thumb Code     0  libinit.o(.ARM.Collect$$libinit$$00000000)
    __rt_lib_init_fp_1                       0x0000014d   Thumb Code     0  libinit2.o(.ARM.Collect$$libinit$$00000002)
    __rt_lib_init_heap_2                     0x0000014d   Thumb Code     0  libinit2.o(.ARM.Collect$$libinit$$00000005)
    __rt_lib_init_preinit_1                  0x0000014d   Thumb Code     0  libinit2.o(.ARM.Collect$$libinit$$00000004)
    __rt_lib_init_heap_1                     0x00000155   Thumb Code     0  libinit2.o(.ARM.Collect$$libinit$$0000000A)
    __rt_lib_init_rand_2                     0x00000155   Thumb Code     0  libinit2.o(.ARM.Collect$$libinit$$0000000D)
    __rt_lib_init_user_alloc_1               0x00000155   Thumb Code     0  libinit2.o(.ARM.Collect$$libinit$$0000000C)
    __rt_lib_init_alloca_1                   0x00000159   Thumb Code     0  libinit2.o(.ARM.Collect$$libinit$$0000002E)
    __rt_lib_init_argv_1                     0x00000159   Thumb Code     0  libinit2.o(.ARM.Collect$$libinit$$0000002C)
    __rt_lib_init_atexit_1                   0x00000159   Thumb Code     0  libinit2.o(.ARM.Collect$$libinit$$0000001B)
    __rt_lib_init_clock_1                    0x00000159   Thumb Code     0  libinit2.o(.ARM.Collect$$libinit$$00000021)
    __rt_lib_init_cpp_1                      0x00000159   Thumb Code     0  libinit2.o(.ARM.Collect$$libinit$$00000032)
    __rt_lib_init_exceptions_1               0x00000159   Thumb Code     0  libinit2.o(.ARM.Collect$$libinit$$00000030)
    __rt_lib_init_fp_trap_1                  0x00000159   Thumb Code     0  libinit2.o(.ARM.Collect$$libinit$$0000001F)
    __rt_lib_init_getenv_1                   0x00000159   Thumb Code     0  libinit2.o(.ARM.Collect$$libinit$$00000023)
    __rt_lib_init_lc_collate_1               0x00000159   Thumb Code     0  libinit2.o(.ARM.Collect$$libinit$$00000011)
    __rt_lib_init_lc_ctype_1                 0x00000159   Thumb Code     0  libinit2.o(.ARM.Collect$$libinit$$00000013)
    __rt_lib_init_lc_monetary_1              0x00000159   Thumb Code     0  libinit2.o(.ARM.Collect$$libinit$$00000015)
    __rt_lib_init_lc_numeric_1               0x00000159   Thumb Code     0  libinit2.o(.ARM.Collect$$libinit$$00000017)
    __rt_lib_init_lc_time_1                  0x00000159   Thumb Code     0  libinit2.o(.ARM.Collect$$libinit$$00000019)
    __rt_lib_init_rand_1                     0x00000159   Thumb Code     0  libinit2.o(.ARM.Collect$$libinit$$0000000E)
    __rt_lib_init_return                     0x00000159   Thumb Code     0  libinit2.o(.ARM.Collect$$libinit$$00000033)
    __rt_lib_init_signal_1                   0x00000159   Thumb Code     0  libinit2.o(.ARM.Collect$$libinit$$0000001D)
    __rt_lib_init_stdio_1                    0x00000159   Thumb Code     0  libinit2.o(.ARM.Collect$$libinit$$00000025)
    __rt_lib_shutdown                        0x0000015b   Thumb Code     0  libshutdown.o(.ARM.Collect$$libshutdown$$00000000)
    __rt_lib_shutdown_cpp_1                  0x0000015d   Thumb Code     0  libshutdown2.o(.ARM.Collect$$libshutdown$$00000002)
    __rt_lib_shutdown_fp_trap_1              0x0000015d   Thumb Code     0  libshutdown2.o(.ARM.Collect$$libshutdown$$00000007)
    __rt_lib_shutdown_heap_1                 0x0000015d   Thumb Code     0  libshutdown2.o(.ARM.Collect$$libshutdown$$0000000F)
    __rt_lib_shutdown_return                 0x0000015d   Thumb Code     0  libshutdown2.o(.ARM.Collect$$libshutdown$$00000010)
    __rt_lib_shutdown_signal_1               0x0000015d   Thumb Code     0  libshutdown2.o(.ARM.Collect$$libshutdown$$0000000A)
    __rt_lib_shutdown_stdio_1                0x0000015d   Thumb Code     0  libshutdown2.o(.ARM.Collect$$libshutdown$$00000004)
    __rt_lib_shutdown_user_alloc_1           0x0000015d   Thumb Code     0  libshutdown2.o(.ARM.Collect$$libshutdown$$0000000C)
    __rt_entry                               0x0000015f   Thumb Code     0  __rtentry.o(.ARM.Collect$$rtentry$$00000000)
    __rt_entry_presh_1                       0x0000015f   Thumb Code     0  __rtentry2.o(.ARM.Collect$$rtentry$$00000002)
    __rt_entry_sh                            0x0000015f   Thumb Code     0  __rtentry4.o(.ARM.Collect$$rtentry$$00000004)
    __rt_entry_li                            0x00000165   Thumb Code     0  __rtentry2.o(.ARM.Collect$$rtentry$$0000000A)
    __rt_entry_postsh_1                      0x00000165   Thumb Code     0  __rtentry2.o(.ARM.Collect$$rtentry$$00000009)
    __rt_entry_main                          0x00000169   Thumb Code     0  __rtentry2.o(.ARM.Collect$$rtentry$$0000000D)
    __rt_entry_postli_1                      0x00000169   Thumb Code     0  __rtentry2.o(.ARM.Collect$$rtentry$$0000000C)
    __rt_exit                                0x00000171   Thumb Code     0  rtexit.o(.ARM.Collect$$rtexit$$00000000)
    __rt_exit_ls                             0x00000173   Thumb Code     0  rtexit2.o(.ARM.Collect$$rtexit$$00000003)
    __rt_exit_prels_1                        0x00000173   Thumb Code     0  rtexit2.o(.ARM.Collect$$rtexit$$00000002)
    __rt_exit_exit                           0x00000177   Thumb Code     0  rtexit2.o(.ARM.Collect$$rtexit$$00000004)
    rand                                     0x0000017d   Thumb Code    48  rand.o(.emb_text)
    Reset_Handler                            0x000001b1   Thumb Code     8  startup_lpc17xx.o(.text)
    _maybe_terminate_alloc                   0x000001b1   Thumb Code     0  maybetermalloc1.o(.emb_text)
    NMI_Handler                              0x000001b9   Thumb Code     2  startup_lpc17xx.o(.text)
    HardFault_Handler                        0x000001bb   Thumb Code     2  startup_lpc17xx.o(.text)
    MemManage_Handler                        0x000001bd   Thumb Code     2  startup_lpc17xx.o(.text)
    BusFault_Handler                         0x000001bf   Thumb Code     2  startup_lpc17xx.o(.text)
    UsageFault_Handler                       0x000001c1   Thumb Code     2  startup_lpc17xx.o(.text)
    SVC_Handler                              0x000001c3   Thumb Code     2  startup_lpc17xx.o(.text)
    DebugMon_Handler                         0x000001c5   Thumb Code     2  startup_lpc17xx.o(.text)
    PendSV_Handler                           0x000001c7   Thumb Code     2  startup_lpc17xx.o(.text)
    ADC_IRQHandler                           0x000001cb   Thumb Code     0  startup_lpc17xx.o(.text)
    BOD_IRQHandler                           0x000001cb   Thumb Code     0  startup_lpc17xx.o(.text)
    CANActivity_IRQHandler                   0x000001cb   Thumb Code     0  startup_lpc17xx.o(.text)
    CAN_IRQHandler                           0x000001cb   Thumb Code     0  startup_lpc17xx.o(.text)
    DMA_IRQHandler                           0x000001cb   Thumb Code     0  startup_lpc17xx.o(.text)
    EINT0_IRQHandler                         0x000001cb   Thumb Code     0  startup_lpc17xx.o(.text)
    EINT1_IRQHandler                         0x000001cb   Thumb Code     0  startup_lpc17xx.o(.text)
    EINT2_IRQHandler                         0x000001cb   Thumb Code     0  startup_lpc17xx.o(.text)
    ENET_IRQHandler                          0x000001cb   Thumb Code     0  startup_lpc17xx.o(.text)
    I2C0_IRQHandler                          0x000001cb   Thumb Code     0  startup_lpc17xx.o(.text)
    I2C1_IRQHandler                          0x000001cb   Thumb Code     0  startup_lpc17xx.o(.text)
    I2C2_IRQHandler                          0x000001cb   Thumb Code     0  startup_lpc17xx.o(.text)
    I2S_IRQHandler                           0x000001cb   Thumb Code     0  startup_lpc17xx.o(.text)
    MCPWM_IRQHandler                         0x000001cb   Thumb Code     0  startup_lpc17xx.o(.text)
    PLL0_IRQHandler                          0x000001cb   Thumb Code     0  startup_lpc17xx.o(.text)
    PLL1_IRQHandler                          0x000001cb   Thumb Code     0  startup_lpc17xx.o(.text)
    PWM1_IRQHandler                          0x000001cb   Thumb Code     0  startup_lpc17xx.o(.text)
    QEI_IRQHandler                           0x000001cb   Thumb Code     0  startup_lpc17xx.o(.text)
    RIT_IRQHandler                           0x000001cb   Thumb Code     0  startup_lpc17xx.o(.text)
    RTC_IRQHandler                           0x000001cb   Thumb Code     0  startup_lpc17xx.o(.text)
    SPI_IRQHandler                           0x000001cb   Thumb Code     0  startup_lpc17xx.o(.text)
    SSP0_IRQHandler                          0x000001cb   Thumb Code     0  startup_lpc17xx.o(.text)
    SSP1_IRQHandler                          0x000001cb   Thumb Code     0  startup_lpc17xx.o(.text)
    TIMER0_IRQHandler                        0x000001cb   Thumb Code     0  startup_lpc17xx.o(.text)
    TIMER1_IRQHandler                        0x000001cb   Thumb Code     0  startup_lpc17xx.o(.text)
    TIMER2_IRQHandler                        0x000001cb   Thumb Code     0  startup_lpc17xx.o(.text)
    TIMER3_IRQHandler                        0x000001cb   Thumb Code     0  startup_lpc17xx.o(.text)
    UART0_IRQHandler                         0x000001cb   Thumb Code     0  startup_lpc17xx.o(.text)
    UART1_IRQHandler                         0x000001cb   Thumb Code     0  startup_lpc17xx.o(.text)
    UART2_IRQHandler                         0x000001cb   Thumb Code     0  startup_lpc17xx.o(.text)
    UART3_IRQHandler                         0x000001cb   Thumb Code     0  startup_lpc17xx.o(.text)
    USBActivity_IRQHandler                   0x000001cb   Thumb Code     0  startup_lpc17xx.o(.text)
    USB_IRQHandler                           0x000001cb   Thumb Code     0  startup_lpc17xx.o(.text)
    WDT_IRQHandler                           0x000001cb   Thumb Code     0  startup_lpc17xx.o(.text)
    __user_initial_stackheap                 0x000001cd   Thumb Code     0  startup_lpc17xx.o(.text)
    malloc                                   0x000001f1   Thumb Code    94  h1_alloc.o(.text)
    free                                     0x0000024f   Thumb Code    78  h1_free.o(.text)
    __2sprintf                               0x0000029d   Thumb Code    34  noretval__2sprintf.o(.text)
    __use_two_region_memory                  0x000002c5   Thumb Code     2  heapauxi.o(.text)
    __rt_heap_escrow                         0x000002c7   Thumb Code     2  heapauxi.o(.text)
    __rt_heap_expand                         0x000002c9   Thumb Code     2  heapauxi.o(.text)
    __rt_heap_descriptor                     0x000002cd   Thumb Code     8  rt_heap_descriptor_intlibspace.o(.text)
    __use_no_heap                            0x000002d5   Thumb Code     2  hguard.o(.text)
    __heap$guard                             0x000002d7   Thumb Code     2  hguard.o(.text)
    __Heap_Initialize                        0x000002d9   Thumb Code    10  h1_init.o(.text)
    __Heap_DescSize                          0x000002e3   Thumb Code     4  h1_init.o(.text)
    _sputc                                   0x000002e7   Thumb Code    10  _sputc.o(.text)
    __user_libspace                          0x000002f1   Thumb Code     8  libspace.o(.text)
    __user_perproc_libspace                  0x000002f1   Thumb Code     0  libspace.o(.text)
    __user_perthread_libspace                0x000002f1   Thumb Code     0  libspace.o(.text)
    __I$use$semihosting                      0x000002f9   Thumb Code     0  use_no_semi.o(.text)
    __use_no_semihosting_swi                 0x000002f9   Thumb Code     2  use_no_semi.o(.text)
    __I$use$fp                               0x000002fa   Number         0  usenofp.o(x$fpl$usenofp)
    __semihosting_library_function           0x000002fb   Thumb Code     0  indicate_semi.o(.text)
    __printf                                 0x00000301   Thumb Code   104  __printf.o(.text)
    _printf_int_dec                          0x00000369   Thumb Code   104  _printf_dec.o(.text)
    srand                                    0x000003e1   Thumb Code    42  rand.o(.text)
    _rand_init                               0x0000040b   Thumb Code     4  rand.o(.text)
    __aeabi_memcpy                           0x0000041d   Thumb Code     0  rt_memcpy_v6.o(.text)
    __rt_memcpy                              0x0000041d   Thumb Code   138  rt_memcpy_v6.o(.text)
    _memcpy_lastbytes                        0x00000483   Thumb Code     0  rt_memcpy_v6.o(.text)
    _terminate_user_alloc                    0x000004a7   Thumb Code     2  init_alloc.o(.text)
    _init_user_alloc                         0x000004a9   Thumb Code     2  init_alloc.o(.text)
    __Heap_Full                              0x000004ab   Thumb Code    34  init_alloc.o(.text)
    __Heap_Broken                            0x000004cd   Thumb Code     6  init_alloc.o(.text)
    _init_alloc                              0x000004d3   Thumb Code    94  init_alloc.o(.text)
    _printf_int_common                       0x00000531   Thumb Code   178  _printf_intcommon.o(.text)
    _printf_char_common                      0x000005ef   Thumb Code    32  _printf_char_common.o(.text)
    __aeabi_memcpy4                          0x00000615   Thumb Code     0  rt_memcpy_w.o(.text)
    __aeabi_memcpy8                          0x00000615   Thumb Code     0  rt_memcpy_w.o(.text)
    __rt_memcpy_w                            0x00000615   Thumb Code   100  rt_memcpy_w.o(.text)
    _memcpy_lastbytes_aligned                0x0000065d   Thumb Code     0  rt_memcpy_w.o(.text)
    __Heap_ProvideMemory                     0x00000679   Thumb Code    52  h1_extend.o(.text)
    __rt_SIGRTMEM                            0x000006ad   Thumb Code    14  defsig_rtmem_outer.o(.text)
    __user_setup_stackheap                   0x000006bb   Thumb Code    74  sys_stackheap_outer.o(.text)
    exit                                     0x00000705   Thumb Code    18  exit.o(.text)
    __sig_exit                               0x00000717   Thumb Code    10  defsig_exit.o(.text)
    __rt_SIGRTMEM_inner                      0x00000721   Thumb Code    22  defsig_rtmem_inner.o(.text)
    _sys_exit                                0x00000771   Thumb Code     8  sys_exit.o(.text)
    __default_signal_display                 0x0000077d   Thumb Code    50  defsig_general.o(.text)
    _ttywrch                                 0x000007af   Thumb Code    14  sys_wrch.o(.text)
    EINT3_IRQHandler                         0x000007bd   Thumb Code   214  main.o(i.EINT3_IRQHandler)
    GetASCIICode                             0x000008ad   Thumb Code    40  asciilib.o(i.GetASCIICode)
    PIN_Configure                            0x000008d9   Thumb Code   246  pin_lpc17xx.o(i.PIN_Configure)
    SysTick_Handler                          0x000009d5   Thumb Code    22  main.o(i.SysTick_Handler)
    SystemInit                               0x000009f5   Thumb Code   302  system_lpc17xx.o(i.SystemInit)
    changeDirection                          0x00000b79   Thumb Code    60  snake.o(i.changeDirection)
    checkCollision                           0x00000bb5   Thumb Code    56  snake.o(i.checkCollision)
    checkCollisionWithBorders                0x00000bed   Thumb Code    56  snake.o(i.checkCollisionWithBorders)
    checkCollisionWithFood                   0x00000c25   Thumb Code    48  snake.o(i.checkCollisionWithFood)
    checkCollisionWithItself                 0x00000c55   Thumb Code    46  snake.o(i.checkCollisionWithItself)
    checkXFoodAndSnake                       0x00000c83   Thumb Code    32  snake.o(i.checkXFoodAndSnake)
    checkYFoodAndSnake                       0x00000ca3   Thumb Code    32  snake.o(i.checkYFoodAndSnake)
    clearScreen                              0x00000cc3   Thumb Code    22  lcd_painting.o(i.clearScreen)
    createSegment                            0x00000cd9   Thumb Code    18  snake.o(i.createSegment)
    delay_ms                                 0x00000ceb   Thumb Code    30  lcd_ili9325.o(i.delay_ms)
    deleteSnake                              0x00000d09   Thumb Code    24  snake.o(i.deleteSnake)
    drawCalibrationGrid                      0x00000d21   Thumb Code   122  main.o(i.drawCalibrationGrid)
    drawCalibrationX                         0x00000db9   Thumb Code   108  lcd_painting.o(i.drawCalibrationX)
    drawFood                                 0x00000e25   Thumb Code    32  snake.o(i.drawFood)
    drawLetter                               0x00000e45   Thumb Code   126  lcd_painting.o(i.drawLetter)
    drawLine                                 0x00000ec5   Thumb Code   268  lcd_painting.o(i.drawLine)
    drawPoint                                0x00000fdd   Thumb Code    30  lcd_painting.o(i.drawPoint)
    drawRect                                 0x00000ffb   Thumb Code   100  lcd_painting.o(i.drawRect)
    drawSegment                              0x0000105f   Thumb Code    30  snake.o(i.drawSegment)
    drawSentence                             0x0000107d   Thumb Code    66  lcd_painting.o(i.drawSentence)
    drawSnake                                0x000010bf   Thumb Code    22  snake.o(i.drawSnake)
    extendSnake                              0x000010d5   Thumb Code    38  snake.o(i.extendSnake)
    initFood                                 0x000010fb   Thumb Code    12  snake.o(i.initFood)
    initSnake                                0x00001107   Thumb Code    28  snake.o(i.initSnake)
    init_ILI9325                             0x00001123   Thumb Code   468  lcd_ili9325.o(i.init_ILI9325)
    lcdConfiguration                         0x000012f9   Thumb Code    36  open1768_lcd.o(i.lcdConfiguration)
    lcdSend                                  0x00001321   Thumb Code    40  open1768_lcd.o(i.lcdSend)
    lcdSetCursor                             0x0000134d   Thumb Code    24  open1768_lcd.o(i.lcdSetCursor)
    lcdWriteData                             0x00001365   Thumb Code    50  open1768_lcd.o(i.lcdWriteData)
    lcdWriteIndex                            0x0000139d   Thumb Code    60  open1768_lcd.o(i.lcdWriteIndex)
    lcdWriteReg                              0x000013dd   Thumb Code    20  open1768_lcd.o(i.lcdWriteReg)
    main                                     0x000013f1   Thumb Code   352  main.o(i.main)
    moveSnake                                0x00001585   Thumb Code    58  snake.o(i.moveSnake)
    moveSnakeHead                            0x000015bf   Thumb Code    92  snake.o(i.moveSnakeHead)
    putFoodOnGrid                            0x0000161b   Thumb Code   140  snake.o(i.putFoodOnGrid)
    takeTSCoords                             0x000016a9   Thumb Code   108  main.o(i.takeTSCoords)
    touchpanelGetXY                          0x000017dd   Thumb Code    34  tp_open1768.o(i.touchpanelGetXY)
    touchpanelInit                           0x00001801   Thumb Code    34  tp_open1768.o(i.touchpanelInit)
    touchpanelReadX                          0x00001855   Thumb Code    42  tp_open1768.o(i.touchpanelReadX)
    touchpanelReadY                          0x00001885   Thumb Code    42  tp_open1768.o(i.touchpanelReadY)
    wait_delay                               0x000018f1   Thumb Code    18  open1768_lcd.o(i.wait_delay)
    __aeabi_d2f                              0x00001905   Thumb Code     0  d2f.o(x$fpl$d2f)
    _d2f                                     0x00001905   Thumb Code    98  d2f.o(x$fpl$d2f)
    __fpl_dcmp_Inf                           0x00001967   Thumb Code    24  dcmpi.o(x$fpl$dcmpinf)
    __aeabi_cdcmple                          0x00001981   Thumb Code     0  dleqf.o(x$fpl$dleqf)
    _dcmple                                  0x00001981   Thumb Code   120  dleqf.o(x$fpl$dleqf)
    __fpl_dcmple_InfNaN                      0x000019e3   Thumb Code     0  dleqf.o(x$fpl$dleqf)
    __fpl_dnaninf                            0x000019f9   Thumb Code   156  dnaninf.o(x$fpl$dnaninf)
    __fpl_dretinf                            0x00001a95   Thumb Code    12  dretinf.o(x$fpl$dretinf)
    __aeabi_f2d                              0x00001aa1   Thumb Code     0  f2d.o(x$fpl$f2d)
    _f2d                                     0x00001aa1   Thumb Code    86  f2d.o(x$fpl$f2d)
    __aeabi_fadd                             0x00001af9   Thumb Code     0  faddsub_clz.o(x$fpl$fadd)
    _fadd                                    0x00001af9   Thumb Code   196  faddsub_clz.o(x$fpl$fadd)
    __fpl_fcmp_Inf                           0x00001bbd   Thumb Code    24  fcmpi.o(x$fpl$fcmpinf)
    __aeabi_fdiv                             0x00001bd5   Thumb Code     0  fdiv.o(x$fpl$fdiv)
    _fdiv                                    0x00001bd5   Thumb Code   384  fdiv.o(x$fpl$fdiv)
    __aeabi_f2iz                             0x00001d59   Thumb Code     0  ffix.o(x$fpl$ffix)
    _ffix                                    0x00001d59   Thumb Code    54  ffix.o(x$fpl$ffix)
    __aeabi_f2uiz                            0x00001d91   Thumb Code     0  ffixu.o(x$fpl$ffixu)
    _ffixu                                   0x00001d91   Thumb Code    62  ffixu.o(x$fpl$ffixu)
    __aeabi_i2f                              0x00001dd1   Thumb Code     0  fflt_clz.o(x$fpl$fflt)
    _fflt                                    0x00001dd1   Thumb Code    48  fflt_clz.o(x$fpl$fflt)
    __aeabi_ui2f                             0x00001e01   Thumb Code     0  fflt_clz.o(x$fpl$ffltu)
    _ffltu                                   0x00001e01   Thumb Code    38  fflt_clz.o(x$fpl$ffltu)
    __aeabi_cfcmple                          0x00001e29   Thumb Code     0  fleqf.o(x$fpl$fleqf)
    _fcmple                                  0x00001e29   Thumb Code   104  fleqf.o(x$fpl$fleqf)
    __fpl_fcmple_InfNaN                      0x00001e7b   Thumb Code     0  fleqf.o(x$fpl$fleqf)
    __fpl_fnaninf                            0x00001e91   Thumb Code   140  fnaninf.o(x$fpl$fnaninf)
    __fpl_fretinf                            0x00001f1d   Thumb Code    10  fretinf.o(x$fpl$fretinf)
    __aeabi_cfrcmple                         0x00001f27   Thumb Code     0  frleqf.o(x$fpl$frleqf)
    _frcmple                                 0x00001f27   Thumb Code    98  frleqf.o(x$fpl$frleqf)
    __aeabi_frsub                            0x00001f89   Thumb Code     0  faddsub_clz.o(x$fpl$frsb)
    _frsb                                    0x00001f89   Thumb Code    20  faddsub_clz.o(x$fpl$frsb)
    __aeabi_fsub                             0x00001f9d   Thumb Code     0  faddsub_clz.o(x$fpl$fsub)
    _fsub                                    0x00001f9d   Thumb Code   234  faddsub_clz.o(x$fpl$fsub)
    Region$$Table$$Base                      0x00002c68   Number         0  anon$$obj.o(Region$$Table)
    Region$$Table$$Limit                     0x00002c98   Number         0  anon$$obj.o(Region$$Table)
    _random_number_data                      0x10000000   Data         228  rand.o(.bss)
    currentCalibrationCorner                 0x2007c000   Data           4  main.o(.data)
    msTicks                                  0x2007c004   Data           4  main.o(.data)
    directionTicks                           0x2007c008   Data           4  main.o(.data)
    samples                                  0x2007c00c   Data           8  main.o(.data)
    direction                                0x2007c014   Data           1  main.o(.data)
    SystemCoreClock                          0x2007c018   Data           4  system_lpc17xx.o(.data)
    calibration_cords                        0x2007c01c   Data          32  main.o(.bss)
    __libspace_start                         0x2007c03c   Data          96  libspace.o(.bss)
    __temporary_stack_top$libspace           0x2007c09c   Data           0  libspace.o(.bss)



==============================================================================

Memory Map of the image

  Image Entry point : 0x000000cd

  Load Region LR_IROM1 (Base: 0x00000000, Size: 0x00002cb4, Max: 0x00080000, ABSOLUTE)

    Execution Region ER_IROM1 (Exec base: 0x00000000, Load base: 0x00000000, Size: 0x00002c98, Max: 0x00080000, ABSOLUTE)

    Exec Addr    Load Addr    Size         Type   Attr      Idx    E Section Name        Object

    0x00000000   0x00000000   0x000000cc   Data   RO          707    RESET               startup_lpc17xx.o
    0x000000cc   0x000000cc   0x00000008   Code   RO          856  * !!!main             c_w.l(__main.o)
    0x000000d4   0x000000d4   0x00000034   Code   RO         1125    !!!scatter          c_w.l(__scatter.o)
    0x00000108   0x00000108   0x0000001a   Code   RO         1127    !!handler_copy      c_w.l(__scatter_copy.o)
    0x00000122   0x00000122   0x00000002   PAD
    0x00000124   0x00000124   0x0000001c   Code   RO         1129    !!handler_zi        c_w.l(__scatter_zi.o)
    0x00000140   0x00000140   0x00000000   Code   RO          846    .ARM.Collect$$_printf_percent$$00000000  c_w.l(_printf_percent.o)
    0x00000140   0x00000140   0x00000006   Code   RO          845    .ARM.Collect$$_printf_percent$$00000009  c_w.l(_printf_d.o)
    0x00000146   0x00000146   0x00000004   Code   RO          930    .ARM.Collect$$_printf_percent$$00000017  c_w.l(_printf_percent_end.o)
    0x0000014a   0x0000014a   0x00000002   Code   RO         1064    .ARM.Collect$$libinit$$00000000  c_w.l(libinit.o)
    0x0000014c   0x0000014c   0x00000000   Code   RO          936    .ARM.Collect$$libinit$$00000002  c_w.l(libinit2.o)
    0x0000014c   0x0000014c   0x00000000   Code   RO          938    .ARM.Collect$$libinit$$00000004  c_w.l(libinit2.o)
    0x0000014c   0x0000014c   0x00000008   Code   RO          939    .ARM.Collect$$libinit$$00000005  c_w.l(libinit2.o)
    0x00000154   0x00000154   0x00000000   Code   RO          941    .ARM.Collect$$libinit$$0000000A  c_w.l(libinit2.o)
    0x00000154   0x00000154   0x00000000   Code   RO          943    .ARM.Collect$$libinit$$0000000C  c_w.l(libinit2.o)
    0x00000154   0x00000154   0x00000004   Code   RO          944    .ARM.Collect$$libinit$$0000000D  c_w.l(libinit2.o)
    0x00000158   0x00000158   0x00000000   Code   RO          945    .ARM.Collect$$libinit$$0000000E  c_w.l(libinit2.o)
    0x00000158   0x00000158   0x00000000   Code   RO          948    .ARM.Collect$$libinit$$00000011  c_w.l(libinit2.o)
    0x00000158   0x00000158   0x00000000   Code   RO          950    .ARM.Collect$$libinit$$00000013  c_w.l(libinit2.o)
    0x00000158   0x00000158   0x00000000   Code   RO          952    .ARM.Collect$$libinit$$00000015  c_w.l(libinit2.o)
    0x00000158   0x00000158   0x00000000   Code   RO          954    .ARM.Collect$$libinit$$00000017  c_w.l(libinit2.o)
    0x00000158   0x00000158   0x00000000   Code   RO          956    .ARM.Collect$$libinit$$00000019  c_w.l(libinit2.o)
    0x00000158   0x00000158   0x00000000   Code   RO          958    .ARM.Collect$$libinit$$0000001B  c_w.l(libinit2.o)
    0x00000158   0x00000158   0x00000000   Code   RO          960    .ARM.Collect$$libinit$$0000001D  c_w.l(libinit2.o)
    0x00000158   0x00000158   0x00000000   Code   RO          962    .ARM.Collect$$libinit$$0000001F  c_w.l(libinit2.o)
    0x00000158   0x00000158   0x00000000   Code   RO          964    .ARM.Collect$$libinit$$00000021  c_w.l(libinit2.o)
    0x00000158   0x00000158   0x00000000   Code   RO          966    .ARM.Collect$$libinit$$00000023  c_w.l(libinit2.o)
    0x00000158   0x00000158   0x00000000   Code   RO          968    .ARM.Collect$$libinit$$00000025  c_w.l(libinit2.o)
    0x00000158   0x00000158   0x00000000   Code   RO          972    .ARM.Collect$$libinit$$0000002C  c_w.l(libinit2.o)
    0x00000158   0x00000158   0x00000000   Code   RO          974    .ARM.Collect$$libinit$$0000002E  c_w.l(libinit2.o)
    0x00000158   0x00000158   0x00000000   Code   RO          976    .ARM.Collect$$libinit$$00000030  c_w.l(libinit2.o)
    0x00000158   0x00000158   0x00000000   Code   RO          978    .ARM.Collect$$libinit$$00000032  c_w.l(libinit2.o)
    0x00000158   0x00000158   0x00000002   Code   RO          979    .ARM.Collect$$libinit$$00000033  c_w.l(libinit2.o)
    0x0000015a   0x0000015a   0x00000002   Code   RO         1122    .ARM.Collect$$libshutdown$$00000000  c_w.l(libshutdown.o)
    0x0000015c   0x0000015c   0x00000000   Code   RO         1080    .ARM.Collect$$libshutdown$$00000002  c_w.l(libshutdown2.o)
    0x0000015c   0x0000015c   0x00000000   Code   RO         1082    .ARM.Collect$$libshutdown$$00000004  c_w.l(libshutdown2.o)
    0x0000015c   0x0000015c   0x00000000   Code   RO         1085    .ARM.Collect$$libshutdown$$00000007  c_w.l(libshutdown2.o)
    0x0000015c   0x0000015c   0x00000000   Code   RO         1088    .ARM.Collect$$libshutdown$$0000000A  c_w.l(libshutdown2.o)
    0x0000015c   0x0000015c   0x00000000   Code   RO         1090    .ARM.Collect$$libshutdown$$0000000C  c_w.l(libshutdown2.o)
    0x0000015c   0x0000015c   0x00000000   Code   RO         1093    .ARM.Collect$$libshutdown$$0000000F  c_w.l(libshutdown2.o)
    0x0000015c   0x0000015c   0x00000002   Code   RO         1094    .ARM.Collect$$libshutdown$$00000010  c_w.l(libshutdown2.o)
    0x0000015e   0x0000015e   0x00000000   Code   RO          894    .ARM.Collect$$rtentry$$00000000  c_w.l(__rtentry.o)
    0x0000015e   0x0000015e   0x00000000   Code   RO          999    .ARM.Collect$$rtentry$$00000002  c_w.l(__rtentry2.o)
    0x0000015e   0x0000015e   0x00000006   Code   RO         1011    .ARM.Collect$$rtentry$$00000004  c_w.l(__rtentry4.o)
    0x00000164   0x00000164   0x00000000   Code   RO         1001    .ARM.Collect$$rtentry$$00000009  c_w.l(__rtentry2.o)
    0x00000164   0x00000164   0x00000004   Code   RO         1002    .ARM.Collect$$rtentry$$0000000A  c_w.l(__rtentry2.o)
    0x00000168   0x00000168   0x00000000   Code   RO         1004    .ARM.Collect$$rtentry$$0000000C  c_w.l(__rtentry2.o)
    0x00000168   0x00000168   0x00000008   Code   RO         1005    .ARM.Collect$$rtentry$$0000000D  c_w.l(__rtentry2.o)
    0x00000170   0x00000170   0x00000002   Code   RO         1067    .ARM.Collect$$rtexit$$00000000  c_w.l(rtexit.o)
    0x00000172   0x00000172   0x00000000   Code   RO         1098    .ARM.Collect$$rtexit$$00000002  c_w.l(rtexit2.o)
    0x00000172   0x00000172   0x00000004   Code   RO         1099    .ARM.Collect$$rtexit$$00000003  c_w.l(rtexit2.o)
    0x00000176   0x00000176   0x00000006   Code   RO         1100    .ARM.Collect$$rtexit$$00000004  c_w.l(rtexit2.o)
    0x0000017c   0x0000017c   0x00000034   Code   RO          847    .emb_text           c_w.l(rand.o)
    0x000001b0   0x000001b0   0x00000000   Code   RO         1017    .emb_text           c_w.l(maybetermalloc1.o)
    0x000001b0   0x000001b0   0x00000040   Code   RO          709    .text               startup_lpc17xx.o
    0x000001f0   0x000001f0   0x0000005e   Code   RO          757    .text               c_w.l(h1_alloc.o)
    0x0000024e   0x0000024e   0x0000004e   Code   RO          759    .text               c_w.l(h1_free.o)
    0x0000029c   0x0000029c   0x00000028   Code   RO          819    .text               c_w.l(noretval__2sprintf.o)
    0x000002c4   0x000002c4   0x00000006   Code   RO          854    .text               c_w.l(heapauxi.o)
    0x000002ca   0x000002ca   0x00000002   PAD
    0x000002cc   0x000002cc   0x00000008   Code   RO          902    .text               c_w.l(rt_heap_descriptor_intlibspace.o)
    0x000002d4   0x000002d4   0x00000004   Code   RO          904    .text               c_w.l(hguard.o)
    0x000002d8   0x000002d8   0x0000000e   Code   RO          910    .text               c_w.l(h1_init.o)
    0x000002e6   0x000002e6   0x0000000a   Code   RO          928    .text               c_w.l(_sputc.o)
    0x000002f0   0x000002f0   0x00000008   Code   RO          995    .text               c_w.l(libspace.o)
    0x000002f8   0x000002f8   0x00000002   Code   RO         1036    .text               c_w.l(use_no_semi.o)
    0x000002fa   0x000002fa   0x00000000   Code   RO         1038    .text               c_w.l(indicate_semi.o)
    0x000002fa   0x000002fa   0x00000000   Code   RO          992    x$fpl$usenofp       fz_ws.l(usenofp.o)
    0x000002fa   0x000002fa   0x00000002   PAD
    0x000002fc   0x000002fc   0x00000004   Code   RO          708    .ARM.__at_0x02FC    startup_lpc17xx.o
    0x00000300   0x00000300   0x00000068   Code   RO          821    .text               c_w.l(__printf.o)
    0x00000368   0x00000368   0x00000078   Code   RO          823    .text               c_w.l(_printf_dec.o)
    0x000003e0   0x000003e0   0x0000003c   Code   RO          848    .text               c_w.l(rand.o)
    0x0000041c   0x0000041c   0x0000008a   Code   RO          852    .text               c_w.l(rt_memcpy_v6.o)
    0x000004a6   0x000004a6   0x0000008a   Code   RO          906    .text               c_w.l(init_alloc.o)
    0x00000530   0x00000530   0x000000b2   Code   RO          924    .text               c_w.l(_printf_intcommon.o)
    0x000005e2   0x000005e2   0x00000002   PAD
    0x000005e4   0x000005e4   0x00000030   Code   RO          926    .text               c_w.l(_printf_char_common.o)
    0x00000614   0x00000614   0x00000064   Code   RO          931    .text               c_w.l(rt_memcpy_w.o)
    0x00000678   0x00000678   0x00000034   Code   RO         1019    .text               c_w.l(h1_extend.o)
    0x000006ac   0x000006ac   0x0000000e   Code   RO         1025    .text               c_w.l(defsig_rtmem_outer.o)
    0x000006ba   0x000006ba   0x0000004a   Code   RO         1039    .text               c_w.l(sys_stackheap_outer.o)
    0x00000704   0x00000704   0x00000012   Code   RO         1045    .text               c_w.l(exit.o)
    0x00000716   0x00000716   0x0000000a   Code   RO         1047    .text               c_w.l(defsig_exit.o)
    0x00000720   0x00000720   0x00000050   Code   RO         1053    .text               c_w.l(defsig_rtmem_inner.o)
    0x00000770   0x00000770   0x0000000c   Code   RO         1065    .text               c_w.l(sys_exit.o)
    0x0000077c   0x0000077c   0x00000032   Code   RO         1075    .text               c_w.l(defsig_general.o)
    0x000007ae   0x000007ae   0x0000000e   Code   RO         1095    .text               c_w.l(sys_wrch.o)
    0x000007bc   0x000007bc   0x000000f0   Code   RO            5    i.EINT3_IRQHandler  main.o
    0x000008ac   0x000008ac   0x0000002c   Code   RO          258    i.GetASCIICode      asciilib.o
    0x000008d8   0x000008d8   0x000000fc   Code   RO          672    i.PIN_Configure     pin_lpc17xx.o
    0x000009d4   0x000009d4   0x00000020   Code   RO            6    i.SysTick_Handler   main.o
    0x000009f4   0x000009f4   0x00000140   Code   RO          719    i.SystemInit        system_lpc17xx.o
    0x00000b34   0x00000b34   0x0000001a   Code   RO            7    i.__NVIC_EnableIRQ  main.o
    0x00000b4e   0x00000b4e   0x00000002   PAD
    0x00000b50   0x00000b50   0x00000028   Code   RO            8    i.__NVIC_SetPriority  main.o
    0x00000b78   0x00000b78   0x0000003c   Code   RO          442    i.changeDirection   snake.o
    0x00000bb4   0x00000bb4   0x00000038   Code   RO          443    i.checkCollision    snake.o
    0x00000bec   0x00000bec   0x00000038   Code   RO          444    i.checkCollisionWithBorders  snake.o
    0x00000c24   0x00000c24   0x00000030   Code   RO          445    i.checkCollisionWithFood  snake.o
    0x00000c54   0x00000c54   0x0000002e   Code   RO          446    i.checkCollisionWithItself  snake.o
    0x00000c82   0x00000c82   0x00000020   Code   RO          447    i.checkXFoodAndSnake  snake.o
    0x00000ca2   0x00000ca2   0x00000020   Code   RO          448    i.checkYFoodAndSnake  snake.o
    0x00000cc2   0x00000cc2   0x00000016   Code   RO          351    i.clearScreen       lcd_painting.o
    0x00000cd8   0x00000cd8   0x00000012   Code   RO          449    i.createSegment     snake.o
    0x00000cea   0x00000cea   0x0000001e   Code   RO          231    i.delay_ms          lcd_ili9325.o
    0x00000d08   0x00000d08   0x00000018   Code   RO          450    i.deleteSnake       snake.o
    0x00000d20   0x00000d20   0x00000098   Code   RO            9    i.drawCalibrationGrid  main.o
    0x00000db8   0x00000db8   0x0000006c   Code   RO          352    i.drawCalibrationX  lcd_painting.o
    0x00000e24   0x00000e24   0x00000020   Code   RO          451    i.drawFood          snake.o
    0x00000e44   0x00000e44   0x0000007e   Code   RO          354    i.drawLetter        lcd_painting.o
    0x00000ec2   0x00000ec2   0x00000002   PAD
    0x00000ec4   0x00000ec4   0x00000118   Code   RO          356    i.drawLine          lcd_painting.o
    0x00000fdc   0x00000fdc   0x0000001e   Code   RO          357    i.drawPoint         lcd_painting.o
    0x00000ffa   0x00000ffa   0x00000064   Code   RO          358    i.drawRect          lcd_painting.o
    0x0000105e   0x0000105e   0x0000001e   Code   RO          452    i.drawSegment       snake.o
    0x0000107c   0x0000107c   0x00000042   Code   RO          359    i.drawSentence      lcd_painting.o
    0x000010be   0x000010be   0x00000016   Code   RO          453    i.drawSnake         snake.o
    0x000010d4   0x000010d4   0x00000026   Code   RO          454    i.extendSnake       snake.o
    0x000010fa   0x000010fa   0x0000000c   Code   RO          455    i.initFood          snake.o
    0x00001106   0x00001106   0x0000001c   Code   RO          456    i.initSnake         snake.o
    0x00001122   0x00001122   0x000001d4   Code   RO          232    i.init_ILI9325      lcd_ili9325.o
    0x000012f6   0x000012f6   0x00000002   PAD
    0x000012f8   0x000012f8   0x00000028   Code   RO          144    i.lcdConfiguration  open1768_lcd.o
    0x00001320   0x00001320   0x0000002c   Code   RO          148    i.lcdSend           open1768_lcd.o
    0x0000134c   0x0000134c   0x00000018   Code   RO          149    i.lcdSetCursor      open1768_lcd.o
    0x00001364   0x00001364   0x00000038   Code   RO          150    i.lcdWriteData      open1768_lcd.o
    0x0000139c   0x0000139c   0x00000040   Code   RO          151    i.lcdWriteIndex     open1768_lcd.o
    0x000013dc   0x000013dc   0x00000014   Code   RO          152    i.lcdWriteReg       open1768_lcd.o
    0x000013f0   0x000013f0   0x00000194   Code   RO           10    i.main              main.o
    0x00001584   0x00001584   0x0000003a   Code   RO          457    i.moveSnake         snake.o
    0x000015be   0x000015be   0x0000005c   Code   RO          458    i.moveSnakeHead     snake.o
    0x0000161a   0x0000161a   0x0000008c   Code   RO          459    i.putFoodOnGrid     snake.o
    0x000016a6   0x000016a6   0x00000002   PAD
    0x000016a8   0x000016a8   0x00000070   Code   RO           11    i.takeTSCoords      main.o
    0x00001718   0x00001718   0x0000002a   Code   RO          275    i.touchpanelDelayUS  tp_open1768.o
    0x00001742   0x00001742   0x00000002   PAD
    0x00001744   0x00001744   0x00000098   Code   RO          276    i.touchpanelDriverDataBusInit  tp_open1768.o
    0x000017dc   0x000017dc   0x00000022   Code   RO          277    i.touchpanelGetXY   tp_open1768.o
    0x000017fe   0x000017fe   0x00000002   PAD
    0x00001800   0x00001800   0x00000028   Code   RO          278    i.touchpanelInit    tp_open1768.o
    0x00001828   0x00001828   0x0000002c   Code   RO          279    i.touchpanelReadAddress  tp_open1768.o
    0x00001854   0x00001854   0x00000030   Code   RO          280    i.touchpanelReadX   tp_open1768.o
    0x00001884   0x00001884   0x00000030   Code   RO          281    i.touchpanelReadY   tp_open1768.o
    0x000018b4   0x000018b4   0x0000003c   Code   RO          282    i.touchpanelWriteCmd  tp_open1768.o
    0x000018f0   0x000018f0   0x00000012   Code   RO          210    i.wait_delay        open1768_lcd.o
    0x00001902   0x00001902   0x00000002   PAD
    0x00001904   0x00001904   0x00000062   Code   RO          858    x$fpl$d2f           fz_ws.l(d2f.o)
    0x00001966   0x00001966   0x00000018   Code   RO          980    x$fpl$dcmpinf       fz_ws.l(dcmpi.o)
    0x0000197e   0x0000197e   0x00000002   PAD
    0x00001980   0x00001980   0x00000078   Code   RO          860    x$fpl$dleqf         fz_ws.l(dleqf.o)
    0x000019f8   0x000019f8   0x0000009c   Code   RO          982    x$fpl$dnaninf       fz_ws.l(dnaninf.o)
    0x00001a94   0x00001a94   0x0000000c   Code   RO          984    x$fpl$dretinf       fz_ws.l(dretinf.o)
    0x00001aa0   0x00001aa0   0x00000056   Code   RO          862    x$fpl$f2d           fz_ws.l(f2d.o)
    0x00001af6   0x00001af6   0x00000002   PAD
    0x00001af8   0x00001af8   0x000000c4   Code   RO          864    x$fpl$fadd          fz_ws.l(faddsub_clz.o)
    0x00001bbc   0x00001bbc   0x00000018   Code   RO          986    x$fpl$fcmpinf       fz_ws.l(fcmpi.o)
    0x00001bd4   0x00001bd4   0x00000184   Code   RO          871    x$fpl$fdiv          fz_ws.l(fdiv.o)
    0x00001d58   0x00001d58   0x00000036   Code   RO          874    x$fpl$ffix          fz_ws.l(ffix.o)
    0x00001d8e   0x00001d8e   0x00000002   PAD
    0x00001d90   0x00001d90   0x0000003e   Code   RO          878    x$fpl$ffixu         fz_ws.l(ffixu.o)
    0x00001dce   0x00001dce   0x00000002   PAD
    0x00001dd0   0x00001dd0   0x00000030   Code   RO          883    x$fpl$fflt          fz_ws.l(fflt_clz.o)
    0x00001e00   0x00001e00   0x00000026   Code   RO          882    x$fpl$ffltu         fz_ws.l(fflt_clz.o)
    0x00001e26   0x00001e26   0x00000002   PAD
    0x00001e28   0x00001e28   0x00000068   Code   RO          888    x$fpl$fleqf         fz_ws.l(fleqf.o)
    0x00001e90   0x00001e90   0x0000008c   Code   RO          988    x$fpl$fnaninf       fz_ws.l(fnaninf.o)
    0x00001f1c   0x00001f1c   0x0000000a   Code   RO          990    x$fpl$fretinf       fz_ws.l(fretinf.o)
    0x00001f26   0x00001f26   0x00000062   Code   RO          890    x$fpl$frleqf        fz_ws.l(frleqf.o)
    0x00001f88   0x00001f88   0x00000014   Code   RO          865    x$fpl$frsb          fz_ws.l(faddsub_clz.o)
    0x00001f9c   0x00001f9c   0x000000ea   Code   RO          866    x$fpl$fsub          fz_ws.l(faddsub_clz.o)
    0x00002086   0x00002086   0x00000be0   Data   RO          259    .constdata          asciilib.o
    0x00002c66   0x00002c66   0x00000002   PAD
    0x00002c68   0x00002c68   0x00000030   Data   RO         1123    Region$$Table       anon$$obj.o


    Execution Region RW_IRAM1 (Exec base: 0x10000000, Load base: 0x00002c98, Size: 0x000002e8, Max: 0x00008000, ABSOLUTE)

    Exec Addr    Load Addr    Size         Type   Attr      Idx    E Section Name        Object

    0x10000000        -       0x000000e4   Zero   RW          849    .bss                c_w.l(rand.o)
    0x100000e4   0x00002c98   0x00000004   PAD
    0x100000e8        -       0x00000200   Zero   RW          705    STACK               startup_lpc17xx.o


    Execution Region RW_IRAM2 (Exec base: 0x2007c000, Load base: 0x00002c98, Size: 0x000002a0, Max: 0x00008000, ABSOLUTE)

    Exec Addr    Load Addr    Size         Type   Attr      Idx    E Section Name        Object

    0x2007c000   0x00002c98   0x00000015   Data   RW           14    .data               main.o
    0x2007c015   0x00002cad   0x00000003   PAD
    0x2007c018   0x00002cb0   0x00000004   Data   RW          720    .data               system_lpc17xx.o
    0x2007c01c        -       0x00000020   Zero   RW           12    .bss                main.o
    0x2007c03c        -       0x00000060   Zero   RW          996    .bss                c_w.l(libspace.o)
    0x2007c09c   0x00002cb4   0x00000004   PAD
    0x2007c0a0        -       0x00000200   Zero   RW          706    HEAP                startup_lpc17xx.o


==============================================================================

Image component sizes


      Code (inc. data)   RO Data    RW Data    ZI Data      Debug   Object Name

        44          4       3040          0          0       1155   asciilib.o
       498          0          0          0          0       1094   lcd_ili9325.o
       732         12          0          0          0       5258   lcd_painting.o
      1006        130          0         21         32      54146   main.o
       266         18          0          0          0       3598   open1768_lcd.o
       252          6          0          0          0        804   pin_lpc17xx.o
       824          0          0          0          0      10333   snake.o
        68         30        204          0       1024       1012   startup_lpc17xx.o
       320         18          0          4          0        819   system_lpc17xx.o
       468         34          0          0          0       4586   tp_open1768.o

    ----------------------------------------------------------------------
      4492        252       3294         28       1056      82805   Object Totals
         0          0         48          0          0          0   (incl. Generated)
        14          0          2          3          0          0   (incl. Padding)

    ----------------------------------------------------------------------

      Code (inc. data)   RO Data    RW Data    ZI Data      Debug   Library Member Name

         8          0          0          0          0         68   __main.o
       104          0          0          0          0         84   __printf.o
         0          0          0          0          0          0   __rtentry.o
        12          0          0          0          0          0   __rtentry2.o
         6          0          0          0          0          0   __rtentry4.o
        52          8          0          0          0          0   __scatter.o
        26          0          0          0          0          0   __scatter_copy.o
        28          0          0          0          0          0   __scatter_zi.o
        48          6          0          0          0         96   _printf_char_common.o
         6          0          0          0          0          0   _printf_d.o
       120         16          0          0          0         92   _printf_dec.o
       178          0          0          0          0         88   _printf_intcommon.o
         0          0          0          0          0          0   _printf_percent.o
         4          0          0          0          0          0   _printf_percent_end.o
        10          0          0          0          0         68   _sputc.o
        10          0          0          0          0         68   defsig_exit.o
        50          0          0          0          0         88   defsig_general.o
        80         58          0          0          0         76   defsig_rtmem_inner.o
        14          0          0          0          0         80   defsig_rtmem_outer.o
        18          0          0          0          0         80   exit.o
        94          0          0          0          0         80   h1_alloc.o
        52          0          0          0          0         68   h1_extend.o
        78          0          0          0          0         80   h1_free.o
        14          0          0          0          0         84   h1_init.o
         6          0          0          0          0        152   heapauxi.o
         4          0          0          0          0        136   hguard.o
         0          0          0          0          0          0   indicate_semi.o
       138          0          0          0          0        168   init_alloc.o
         2          0          0          0          0          0   libinit.o
        14          0          0          0          0          0   libinit2.o
         2          0          0          0          0          0   libshutdown.o
         2          0          0          0          0          0   libshutdown2.o
         8          4          0          0         96         68   libspace.o
         0          0          0          0          0          0   maybetermalloc1.o
        40          6          0          0          0         84   noretval__2sprintf.o
       112         18          0          0        228        160   rand.o
         8          4          0          0          0         68   rt_heap_descriptor_intlibspace.o
       138          0          0          0          0         68   rt_memcpy_v6.o
       100          0          0          0          0         80   rt_memcpy_w.o
         2          0          0          0          0          0   rtexit.o
        10          0          0          0          0          0   rtexit2.o
        12          4          0          0          0         68   sys_exit.o
        74          0          0          0          0         80   sys_stackheap_outer.o
        14          0          0          0          0         76   sys_wrch.o
         2          0          0          0          0         68   use_no_semi.o
        98          4          0          0          0         92   d2f.o
        24          0          0          0          0         68   dcmpi.o
       120          4          0          0          0         92   dleqf.o
       156          4          0          0          0         92   dnaninf.o
        12          0          0          0          0         68   dretinf.o
        86          4          0          0          0         84   f2d.o
       450          8          0          0          0        236   faddsub_clz.o
        24          0          0          0          0         68   fcmpi.o
       388         76          0          0          0         96   fdiv.o
        54          4          0          0          0         84   ffix.o
        62          4          0          0          0         84   ffixu.o
        86          0          0          0          0        136   fflt_clz.o
       104          4          0          0          0         84   fleqf.o
       140          4          0          0          0         84   fnaninf.o
        10          0          0          0          0         68   fretinf.o
        98          0          0          0          0         68   frleqf.o
         0          0          0          0          0          0   usenofp.o

    ----------------------------------------------------------------------
      3630        240          0          0        332       3980   Library Totals
        18          0          0          0          8          0   (incl. Padding)

    ----------------------------------------------------------------------

      Code (inc. data)   RO Data    RW Data    ZI Data      Debug   Library Name

      1700        124          0          0        324       2476   c_w.l
      1912        116          0          0          0       1504   fz_ws.l

    ----------------------------------------------------------------------
      3630        240          0          0        332       3980   Library Totals

    ----------------------------------------------------------------------

==============================================================================


      Code (inc. data)   RO Data    RW Data    ZI Data      Debug   

      8122        492       3294         28       1388      81893   Grand Totals
      8122        492       3294         28       1388      81893   ELF Image Totals
      8122        492       3294         28          0          0   ROM Totals

==============================================================================

    Total RO  Size (Code + RO Data)                11416 (  11.15kB)
    Total RW  Size (RW Data + ZI Data)              1416 (   1.38kB)
    Total ROM Size (Code + RO Data + RW Data)      11444 (  11.18kB)

==============================================================================

